W/ContextImpl( 1909): Calling a method in the system process without a qualified user: android.app.ContextImpl.sendBroadcast:1341 android.content.ContextWrapper.sendBroadcast:382 com.vphone.launcher.Stats.recordLaunch:129 com.vphone.launcher.Launcher.b:3257 com.vphone.launcher.Launcher.onClickAppShortcut:3195 
V/WindowManager( 1709): Adding window Window{76525fe u0 Starting com.android.settings} at 3 of 6 (after Window{17668911 u0 com.vphone.launcher/com.vphone.launcher.Launcher})
V/WindowManager( 1709): Adding window Window{13a09729 u0 com.android.settings/com.android.settings.Settings} at 3 of 7 (before Window{76525fe u0 Starting com.android.settings})
W/SocketClient( 1449): write error (Broken pipe)
I/ActivityManager( 1709): START u0 {act=android.intent.action.MAIN cmp=com.android.settings/.SubSettings (has extras)} from uid 1000 on display 0
V/WindowManager( 1709): addAppToken: AppWindowToken{104fa1c8 token=Token{1eed126b ActivityRecord{193b23ba u0 com.android.settings/.SubSettings t4}}} to stack=1 task=4 at 1
D/WifiService( 1709): New client listening to asynchronous messages
V/WindowManager( 1709): Adding window Window{36699836 u0 com.android.settings/com.android.settings.SubSettings} at 4 of 7 (after Window{13a09729 u0 com.android.settings/com.android.settings.Settings})
D/WifiService( 1709): setWifiEnabled: false pid=2176, uid=1000
E/WifiService( 1709): Invoking mWifiStateMachine.setWifiEnabled
D/ConnectivityService( 1709): NetworkAgentInfo [WIFI () - 100] EVENT_NETWORK_INFO_CHANGED, going from CONNECTED to DISCONNECTED
D/ConnectivityService( 1709): NetworkAgentInfo [WIFI () - 100] got DISCONNECTED, was satisfying 3
D/ConnectivityService( 1709): notifyType LOST for NetworkAgentInfo [WIFI () - 100]
D/CSLegacyTypeTracker( 1709): Sending disconnected broadcast for type 1 NetworkAgentInfo [WIFI () - 100] isDefaultNetwork=true
D/ConnectivityService( 1709): sendStickyBroadcast: action=android.net.conn.CONNECTIVITY_CHANGE_IMMEDIATE
D/ConnectivityService( 1709): sendStickyBroadcast: action=android.net.conn.CONNECTIVITY_CHANGE
D/ConnectivityService( 1709): sendStickyBroadcast: action=android.net.conn.CONNECTIVITY_CHANGE_IMMEDIATE
D/ConnectivityService( 1709): sendStickyBroadcast: action=android.net.conn.CONNECTIVITY_CHANGE
D/ConnectivityService( 1709): Checking for replacement network to handle request NetworkRequest [ id=1, legacyType=-1, [ Capabilities: INTERNET&NOT_RESTRICTED&TRUSTED&NOT_VPN] ]
D/WifiService( 1709): setWifiEnabled: true pid=2176, uid=1000
E/WifiService( 1709): Invoking mWifiStateMachine.setWifiEnabled
D/ConnectivityService( 1709): registerNetworkAgent NetworkAgentInfo{ ni{[type: WIFI[], state: CONNECTING/CONNECTING, reason: (unspecified), extra: "WiredSSID", roaming: false, failover: false, isAvailable: true, isConnectedToProvisioningNetwork: false]}  network{null}  lp{{InterfaceName: eth1 LinkAddresses: []  Routes: [] DnsAddresses: [] Domains: null MTU: 0 TcpBufferSizes: 524288,1048576,2097152,262144,524288,1048576}}  nc{[ Transports: WIFI Capabilities: INTERNET&NOT_RESTRICTED&TRUSTED&NOT_VPN LinkUpBandwidth>=1048576Kbps LinkDnBandwidth>=1048576Kbps]}  Score{20}  everValidated{false}  lastValidated{false}  created{false}  explicitlySelected{false} }
D/ConnectivityService( 1709): NetworkAgentInfo [WIFI () - 101] EVENT_NETWORK_INFO_CHANGED, going from null to CONNECTING
D/ConnectivityService( 1709): updateNetworkScore for NetworkAgentInfo [WIFI () - 101] to 60
D/ConnectivityService( 1709): NetworkAgentInfo [WIFI () - 101] EVENT_NETWORK_INFO_CHANGED, going from CONNECTING to CONNECTED
D/ConnectivityService( 1709): Adding iface eth1 to network 101
E/ConnectivityService( 1709): Unexpected mtu value: 0, eth1
D/ConnectivityService( 1709): Adding Route [fe80::/64 -> :: eth1] to network 101
D/ConnectivityService( 1709): Adding Route [172.17.100.0/24 -> 0.0.0.0 eth1] to network 101
D/ConnectivityService( 1709): Adding Route [0.0.0.0/0 -> 172.17.100.2 eth1] to network 101
D/ConnectivityService( 1709): Setting Dns servers for network 101 to [/192.168.1.1]
D/ConnectivityService( 1709): notifyType IP_CHANGED for NetworkAgentInfo [WIFI () - 101]
D/ConnectivityService( 1709): notifyType PRECHECK for NetworkAgentInfo [WIFI () - 101]
D/ConnectivityService( 1709): rematching NetworkAgentInfo [WIFI () - 101]
D/ConnectivityService( 1709):    accepting network in place of null
D/ConnectivityService( 1709): Switching to new default network: NetworkAgentInfo{ ni{[type: WIFI[], state: CONNECTED/CONNECTED, reason: (unspecified), extra: "WiredSSID", roaming: false, failover: false, isAvailable: true, isConnectedToProvisioningNetwork: false]}  network{101}  lp{{InterfaceName: eth1 LinkAddresses: [fe80::a00:27ff:feaa:ebb4/64,172.17.100.15/24,]  Routes: [fe80::/64 -> :: eth1,172.17.100.0/24 -> 0.0.0.0 eth1,0.0.0.0/0 -> 172.17.100.2 eth1,] DnsAddresses: [192.168.1.1,] Domains:  MTU: 0 TcpBufferSizes: 524288,1048576,2097152,262144,524288,1048576}}  nc{[ Transports: WIFI Capabilities: INTERNET&NOT_RESTRICTED&TRUSTED&NOT_VPN LinkUpBandwidth>=1048576Kbps LinkDnBandwidth>=1048576Kbps]}  Score{20}  everValidated{false}  lastValidated{false}  created{true}  explicitlySelected{false} }
D/ConnectivityService( 1709): notifyType AVAILABLE for NetworkAgentInfo [WIFI () - 101]
D/CSLegacyTypeTracker( 1709): Sending connected broadcast for type 1 NetworkAgentInfo [WIFI () - 101] isDefaultNetwork=true
D/ConnectivityService( 1709): sendStickyBroadcast: action=android.net.conn.CONNECTIVITY_CHANGE_IMMEDIATE
D/ConnectivityService( 1709): sendStickyBroadcast: action=android.net.conn.CONNECTIVITY_CHANGE
D/ConnectivityService( 1709): setProvNotificationVisibleIntent: E visible=false networkType=0 extraInfo=null
D/ConnectivityService( 1709): Validated NetworkAgentInfo [WIFI () - 101]
D/ConnectivityService( 1709): rematching NetworkAgentInfo [WIFI () - 101]
D/ConnectivityService( 1709): Network NetworkAgentInfo [WIFI () - 101] was already satisfying request 1. No change.
D/ConnectivityService( 1709): notifyType AVAILABLE for NetworkAgentInfo [WIFI () - 101]
D/ConnectivityService( 1709): sendStickyBroadcast: action=android.net.conn.INET_CONDITION_ACTION
W/ContextImpl( 2760): Calling a method in the system process without a qualified user: android.app.ContextImpl.startService:1706 android.content.ContextWrapper.startService:516 android.content.ContextWrapper.startService:516 com.bignox.app.store.hd.providers.downloads.DownloadReceiver.startService:188 com.bignox.app.store.hd.providers.downloads.DownloadReceiver.onReceive:53 
W/ContextImpl( 1909): Calling a method in the system process without a qualified user: android.app.ContextImpl.startService:1706 android.content.ContextWrapper.startService:516 android.content.ContextWrapper.startService:516 com.vphone.launcher.providers.downloads.DownloadReceiver.a:188 com.vphone.launcher.providers.downloads.DownloadReceiver.onReceive:53 
D/ConnectivityService( 1709): NetTransition Wakelock (NetworkAgentInfo [WIFI () - 100] cleared because we found a replacement network
I/ActivityManager( 1709): START u0 {act=android.intent.action.MAIN cat=[android.intent.category.HOME] flg=0x10200000 cmp=com.vphone.launcher/.Launcher} from uid 1000 on display 0
I/ActivityManager( 1709): START u0 {act=android.intent.action.MAIN cat=[android.intent.category.LAUNCHER] flg=0x10200000 cmp=com.android.browser/.BrowserActivity bnds=[934,215][1202,368] (has extras)} from uid 1000 on display 0
V/WindowManager( 1709): addAppToken: AppWindowToken{2e05688 token=Token{6b0a22b ActivityRecord{30181a7a u0 com.android.browser/.BrowserActivity t5}}} to stack=1 task=5 at 0
W/ContextImpl( 1909): Calling a method in the system process without a qualified user: android.app.ContextImpl.sendBroadcast:1341 android.content.ContextWrapper.sendBroadcast:382 com.vphone.launcher.Stats.recordLaunch:129 com.vphone.launcher.Launcher.b:3257 com.vphone.launcher.Launcher.onClickAppShortcut:3195 
V/WindowManager( 1709): Adding window Window{18fd755d u0 Starting com.android.browser} at 5 of 8 (after Window{36699836 u0 com.android.settings/com.android.settings.SubSettings})
I/ActivityManager( 1709): Start proc 2946:com.android.browser/u0a14 for activity com.android.browser/.BrowserActivity
D/ConnectivityService( 1709): listenForNetwork for NetworkRequest [ id=6, legacyType=-1, [ Capabilities: INTERNET&NOT_RESTRICTED&TRUSTED] ]
D/ConnectivityService( 1709): handleRegisterNetworkRequest checking NetworkAgentInfo [WIFI () - 101]
D/ConnectivityService( 1709): apparently satisfied.  currentScore=60
V/WindowManager( 1709): Adding window Window{3e8985ef u0 com.android.browser/com.android.browser.BrowserActivity} at 5 of 9 (before Window{18fd755d u0 Starting com.android.browser})
D/ConnectivityService( 1709): listenForNetwork for NetworkRequest [ id=7, legacyType=-1, [ Capabilities: INTERNET&NOT_RESTRICTED&TRUSTED] ]
D/ConnectivityService( 1709): handleRegisterNetworkRequest checking NetworkAgentInfo [WIFI () - 101]
D/ConnectivityService( 1709): apparently satisfied.  currentScore=60
I/ActivityManager( 1709): moveTaskToBack: TaskRecord{8cca92c #5 A=android.task.browser U=0 sz=1}
I/ActivityManager( 1709): START u0 {act=android.intent.action.MAIN cat=[android.intent.category.LAUNCHER] flg=0x10200000 cmp=com.android.settings/.Settings bnds=[934,368][1202,521] (has extras)} from uid 1000 on display 0
W/ContextImpl( 1909): Calling a method in the system process without a qualified user: android.app.ContextImpl.sendBroadcast:1341 android.content.ContextWrapper.sendBroadcast:382 com.vphone.launcher.Stats.recordLaunch:129 com.vphone.launcher.Launcher.b:3257 com.vphone.launcher.Launcher.onClickAppShortcut:3195 
I/ActivityManager( 1709): START u0 {act=android.intent.action.MAIN cmp=com.android.settings/.SubSettings (has extras)} from uid 1000 on display 0
V/WindowManager( 1709): addAppToken: AppWindowToken{2469f1eb token=Token{2829d13a ActivityRecord{16f17065 u0 com.android.settings/.SubSettings t4}}} to stack=1 task=4 at 1
V/WindowManager( 1709): Adding window Window{2f4cd151 u0 com.android.settings/com.android.settings.SubSettings} at 5 of 8 (after Window{13a09729 u0 com.android.settings/com.android.settings.Settings})
V/WindowManager( 1709): Adding window Window{33cfbc90 u0 AtchDlg:com.android.settings/com.android.settings.SubSettings} at 6 of 9 (after Window{2f4cd151 u0 com.android.settings/com.android.settings.SubSettings})
V/WindowManager( 1709): not Base app: Adding window Window{19c30545 u0 WiredSSID} at 7 of 10
W/InputMethodManagerService( 1709): Window already focused, ignoring focus gain of: com.android.internal.view.IInputMethodClient$Stub$Proxy@3c02749a attribute=null, token = android.os.BinderProxy@3b749678
V/WindowManager( 1709): Adding window Window{32034066 u0 PopupWindow:2dda587e} at 7 of 10 (after Window{19c30545 u0 WiredSSID})
W/InputMethodManagerService( 1709): Window already focused, ignoring focus gain of: com.android.internal.view.IInputMethodClient$Stub$Proxy@1bf2fcf2 attribute=null, token = android.os.BinderProxy@211c11bc
W/ContextImpl( 1709): Calling a method in the system process without a qualified user: android.app.ContextImpl.sendBroadcast:1327 com.android.server.InputMethodManagerService.showCurrentInputLocked:1905 com.android.server.InputMethodManagerService.showSoftInput:1864 com.android.internal.view.IInputMethodManager$Stub.onTransact:175 com.android.server.InputMethodManagerService.onTransact:874 
I/ValidateNoPeople( 1709): skipping global notification
I/ValidateNoPeople( 1709): skipping global notification
I/ValidateNoPeople( 1709): skipping global notification
W/ContextImpl( 1709): Calling a method in the system process without a qualified user: android.app.ContextImpl.sendBroadcast:1327 com.android.server.InputMethodManagerService.hideCurrentInputLocked:1996 com.android.server.InputMethodManagerService.windowGainedFocus:2086 com.android.internal.view.IInputMethodManager$Stub.onTransact:221 com.android.server.InputMethodManagerService.onTransact:874 
I/ActivityManager( 1709): START u0 {act=android.intent.action.MAIN cat=[android.intent.category.HOME] flg=0x10200000 cmp=com.vphone.launcher/.Launcher} from uid 1000 on display 0
W/InputMethodManagerService( 1709): Starting input on non-focused client com.android.internal.view.IInputMethodClient$Stub$Proxy@243047fa (uid=1000 pid=2176)
I/ActivityManager( 1709): START u0 {act=com.android.systemui.recents.SHOW_RECENTS flg=0x10804000 cmp=com.android.systemui/.recents.RecentsActivity} from uid 10010 on display 0
W/InputMethodManagerService( 1709): Starting input on non-focused client com.android.internal.view.IInputMethodClient$Stub$Proxy@14614695 (uid=1000 pid=1909)
I/ActivityManager( 1709): Killing 2176:com.android.settings/1000 (adj 9): remove task
I/WindowState( 1709): WIN DEATH: Window{2f4cd151 u0 com.android.settings/com.android.settings.SubSettings}
I/WindowState( 1709): WIN DEATH: Window{13a09729 u0 com.android.settings/com.android.settings.Settings}
D/TaskPersister( 1709): removeObsoleteFile: deleting file=4_task.xml
D/TaskPersister( 1709): removeObsoleteFile: deleting file=4_task_thumbnail.png
D/WifiService( 1709): Client connection lost with reason: 4
I/ActivityManager( 1709): Killing 2946:com.android.browser/u0a14 (adj 9): remove task
I/WindowState( 1709): WIN DEATH: Window{3e8985ef u0 com.android.browser/com.android.browser.BrowserActivity}
D/ConnectivityService( 1709): ConnectivityService NetworkRequestInfo binderDied(NetworkRequest [ id=7, legacyType=-1, [ Capabilities: INTERNET&NOT_RESTRICTED&TRUSTED] ], android.os.BinderProxy@2f675076)
D/ConnectivityService( 1709): releasing NetworkRequest NetworkRequest [ id=7, legacyType=-1, [ Capabilities: INTERNET&NOT_RESTRICTED&TRUSTED] ]
E/ConnectivityService( 1709): RemoteException caught trying to send a callback msg for NetworkRequest [ id=7, legacyType=-1, [ Capabilities: INTERNET&NOT_RESTRICTED&TRUSTED] ]
D/ConnectivityService( 1709): ConnectivityService NetworkRequestInfo binderDied(NetworkRequest [ id=6, legacyType=-1, [ Capabilities: INTERNET&NOT_RESTRICTED&TRUSTED] ], android.os.BinderProxy@1ac56677)
D/ConnectivityService( 1709): releasing NetworkRequest NetworkRequest [ id=6, legacyType=-1, [ Capabilities: INTERNET&NOT_RESTRICTED&TRUSTED] ]
E/ConnectivityService( 1709): RemoteException caught trying to send a callback msg for NetworkRequest [ id=6, legacyType=-1, [ Capabilities: INTERNET&NOT_RESTRICTED&TRUSTED] ]
D/TaskPersister( 1709): removeObsoleteFile: deleting file=5_task.xml
D/TaskPersister( 1709): removeObsoleteFile: deleting file=5_task_thumbnail.png
I/ActivityManager( 1709): START u0 {act=android.intent.action.MAIN cat=[android.intent.category.HOME] flg=0x10200000 cmp=com.vphone.launcher/.Launcher} from uid 10010 on display 0
W/SocketClient( 1449): write error (Broken pipe)
I/ActivityManager( 1709): START u0 {act=android.intent.action.MAIN cat=[android.intent.category.LAUNCHER] flg=0x10200000 cmp=com.lemon.lemonban/.activity.WelcomeActivity bnds=[666,368][934,521] (has extras)} from uid 1000 on display 0
V/WindowManager( 1709): addAppToken: AppWindowToken{5363749 token=Token{215c7950 ActivityRecord{141ff313 u0 com.lemon.lemonban/.activity.WelcomeActivity t6}}} to stack=1 task=6 at 0
V/WindowManager( 1709): Adding window Window{11c62268 u0 Starting com.lemon.lemonban} at 3 of 7 (after Window{17668911 u0 com.vphone.launcher/com.vphone.launcher.Launcher})
W/ContextImpl( 1909): Calling a method in the system process without a qualified user: android.app.ContextImpl.sendBroadcast:1341 android.content.ContextWrapper.sendBroadcast:382 com.vphone.launcher.Stats.recordLaunch:129 com.vphone.launcher.Launcher.b:3257 com.vphone.launcher.Launcher.onClickAppShortcut:3195 
I/ActivityManager( 1709): Start proc 3073:com.lemon.lemonban/u0a31 for activity com.lemon.lemonban/.activity.WelcomeActivity
I/ActivityManager( 1709): Config changes=480 {1.0 460mcc7mnc zh_CN ?layoutDir sw450dp w450dp h775dp 320dpi nrml long port finger -keyb/v/h -nav/h s.4}
V/ActivityManager( 1709): Display changed displayId=0
D/Sensors ( 1709): Client connection accepted (198)
V/WindowManager( 1709): Adding window Window{1ef609bd u0 com.lemon.lemonban/com.lemon.lemonban.activity.WelcomeActivity} at 3 of 8 (before Window{11c62268 u0 Starting com.lemon.lemonban})
V/WindowManager( 1709): Layouts looping: On entry to LockedInner, mPendingLayoutChanges = 0x1
V/WindowManager( 1709): Layouts looping: loop number 4, mPendingLayoutChanges = 0x0
V/WindowManager( 1709): Layouts looping: after finishPostLayoutPolicyLw, mPendingLayoutChanges = 0x0
V/WindowManager( 1709): Layouts looping: mLayoutNeeded, mPendingLayoutChanges = 0x1
V/WindowManager( 1709): Layouts looping: On entry to LockedInner, mPendingLayoutChanges = 0x1
V/WindowManager( 1709): Layouts looping: loop number 5, mPendingLayoutChanges = 0x0
V/WindowManager( 1709): Layouts looping: after finishPostLayoutPolicyLw, mPendingLayoutChanges = 0x0
V/WindowManager( 1709): Layouts looping: mLayoutNeeded, mPendingLayoutChanges = 0x1
E/WindowManager( 1709): Performed 6 layouts in a row. Skipping
I/WindowManager( 1709): Screen frozen for +795ms due to Window{1ef609bd u0 com.lemon.lemonban/com.lemon.lemonban.activity.WelcomeActivity}
I/ActivityManager( 1709): START u0 {cmp=com.lemon.lemonban/.activity.MainActivity} from uid 10031 on display 0
V/WindowManager( 1709): addAppToken: AppWindowToken{1879b375 token=Token{11c4daac ActivityRecord{2229d05f u0 com.lemon.lemonban/.activity.MainActivity t6}}} to stack=1 task=6 at 1
I/ActivityManager( 1709): Start proc 3106:com.lemon.lemonban:pushservice/u0a31 for service com.lemon.lemonban/.service.LemonPushService
V/WindowManager( 1709): Adding window Window{25f5b5ae u0 com.lemon.lemonban/com.lemon.lemonban.activity.MainActivity} at 4 of 8 (after Window{1ef609bd u0 com.lemon.lemonban/com.lemon.lemonban.activity.WelcomeActivity})
D/ConnectivityService( 1709): listenForNetwork for NetworkRequest [ id=8, legacyType=-1, [ Capabilities: INTERNET&NOT_RESTRICTED&TRUSTED] ]
D/ConnectivityService( 1709): handleRegisterNetworkRequest checking NetworkAgentInfo [WIFI () - 101]
D/ConnectivityService( 1709): apparently satisfied.  currentScore=60
I/ActivityManager( 1709): START u0 {cmp=com.lemon.lemonban/.activity.LoginActActivity} from uid 10031 on display 0
V/WindowManager( 1709): addAppToken: AppWindowToken{319eb5b token=Token{2f810a6a ActivityRecord{18a1055 u0 com.lemon.lemonban/.activity.LoginActActivity t6}}} to stack=1 task=6 at 1
V/WindowManager( 1709): Adding window Window{16a85cd1 u0 com.lemon.lemonban/com.lemon.lemonban.activity.LoginActActivity} at 4 of 8 (after Window{25f5b5ae u0 com.lemon.lemonban/com.lemon.lemonban.activity.MainActivity})
I/ActivityManager( 1709): moveTaskToBack: TaskRecord{2f6a633c #6 A=com.lemon.lemonban U=0 sz=1}
W/ViewRootImpl( 3073): Cancelling event due to no window focus: KeyEvent { action=ACTION_UP, keyCode=KEYCODE_BACK, scanCode=158, metaState=0, flags=0x28, repeatCount=0, eventTime=291016, downTime=291014, deviceId=1, source=0x101 }
W/ViewRootImpl( 3073): Cancelling event due to no window focus: KeyEvent { action=ACTION_UP, keyCode=KEYCODE_BACK, scanCode=158, metaState=0, flags=0x28, repeatCount=0, eventTime=291016, downTime=291014, deviceId=1, source=0x101 }
W/ViewRootImpl( 3073): Cancelling event due to no window focus: KeyEvent { action=ACTION_UP, keyCode=KEYCODE_BACK, scanCode=158, metaState=0, flags=0x28, repeatCount=0, eventTime=291016, downTime=291014, deviceId=1, source=0x101 }
W/ViewRootImpl( 3073): Cancelling event due to no window focus: KeyEvent { action=ACTION_UP, keyCode=KEYCODE_BACK, scanCode=158, metaState=0, flags=0x28, repeatCount=0, eventTime=291016, downTime=291014, deviceId=1, source=0x101 }
W/ViewRootImpl( 3073): Cancelling event due to no window focus: KeyEvent { action=ACTION_UP, keyCode=KEYCODE_BACK, scanCode=158, metaState=0, flags=0x28, repeatCount=0, eventTime=291016, downTime=291014, deviceId=1, source=0x101 }
W/ViewRootImpl( 3073): Cancelling event due to no window focus: KeyEvent { action=ACTION_UP, keyCode=KEYCODE_BACK, scanCode=158, metaState=0, flags=0x28, repeatCount=0, eventTime=291016, downTime=291014, deviceId=1, source=0x101 }
W/ViewRootImpl( 3073): Cancelling event due to no window focus: KeyEvent { action=ACTION_UP, keyCode=KEYCODE_BACK, scanCode=158, metaState=0, flags=0x28, repeatCount=0, eventTime=291016, downTime=291014, deviceId=1, source=0x101 }
W/ViewRootImpl( 3073): Cancelling event due to no window focus: KeyEvent { action=ACTION_UP, keyCode=KEYCODE_BACK, scanCode=158, metaState=0, flags=0x28, repeatCount=0, eventTime=291016, downTime=291014, deviceId=1, source=0x101 }
W/ViewRootImpl( 3073): Cancelling event due to no window focus: KeyEvent { action=ACTION_UP, keyCode=KEYCODE_BACK, scanCode=158, metaState=0, flags=0x28, repeatCount=0, eventTime=291016, downTime=291014, deviceId=1, source=0x101 }
I/ActivityManager( 1709): Config changes=480 {1.0 460mcc7mnc zh_CN ?layoutDir sw450dp w800dp h425dp 320dpi nrml long land finger -keyb/v/h -nav/h s.5}
D/Sensors ( 1709): Client connection accepted (174)
V/ActivityManager( 1709): Display changed displayId=0
I/WindowManager( 1709): Screen frozen for +474ms due to Window{f0d458 u0 com.android.systemui.ImageWallpaper}
I/ActivityManager( 1709): Process com.lemon.lemonban:pushservice (pid 3106) has died
I/ActivityManager( 1709): START u0 {act=android.intent.action.MAIN cat=[android.intent.category.HOME] flg=0x10200000 cmp=com.vphone.launcher/.Launcher} from uid 1000 on display 0
I/ActivityManager( 1709): START u0 {act=com.android.systemui.recents.SHOW_RECENTS flg=0x10804000 cmp=com.android.systemui/.recents.RecentsActivity} from uid 10010 on display 0
I/ActivityManager( 1709): Killing 3073:com.lemon.lemonban/u0a31 (adj 9): remove task
I/WindowState( 1709): WIN DEATH: Window{25f5b5ae u0 com.lemon.lemonban/com.lemon.lemonban.activity.MainActivity}
D/ConnectivityService( 1709): ConnectivityService NetworkRequestInfo binderDied(NetworkRequest [ id=8, legacyType=-1, [ Capabilities: INTERNET&NOT_RESTRICTED&TRUSTED] ], android.os.BinderProxy@31526404)
D/ConnectivityService( 1709): releasing NetworkRequest NetworkRequest [ id=8, legacyType=-1, [ Capabilities: INTERNET&NOT_RESTRICTED&TRUSTED] ]
E/ConnectivityService( 1709): RemoteException caught trying to send a callback msg for NetworkRequest [ id=8, legacyType=-1, [ Capabilities: INTERNET&NOT_RESTRICTED&TRUSTED] ]
D/TaskPersister( 1709): removeObsoleteFile: deleting file=6_task.xml
D/TaskPersister( 1709): removeObsoleteFile: deleting file=6_task_thumbnail.png
I/ActivityManager( 1709): START u0 {act=android.intent.action.MAIN cat=[android.intent.category.HOME] flg=0x10200000 cmp=com.vphone.launcher/.Launcher} from uid 10010 on display 0
W/SocketClient( 1449): write error (Broken pipe)
W/InputMethodManagerService( 1709): Window already focused, ignoring focus gain of: com.android.internal.view.IInputMethodClient$Stub$Proxy@c93bc70 attribute=null, token = android.os.BinderProxy@33075538
W/InputMethodManagerService( 1709): Window already focused, ignoring focus gain of: com.android.internal.view.IInputMethodClient$Stub$Proxy@cf18be9 attribute=null, token = android.os.BinderProxy@33075538
W/InputMethodManagerService( 1709): Window already focused, ignoring focus gain of: com.android.internal.view.IInputMethodClient$Stub$Proxy@3aafc06e attribute=null, token = android.os.BinderProxy@33075538
W/InputMethodManagerService( 1709): Window already focused, ignoring focus gain of: com.android.internal.view.IInputMethodClient$Stub$Proxy@f98d634 attribute=null, token = android.os.BinderProxy@33075538
W/InputMethodManagerService( 1709): Window already focused, ignoring focus gain of: com.android.internal.view.IInputMethodClient$Stub$Proxy@158f3c5d attribute=null, token = android.os.BinderProxy@33075538
W/InputMethodManagerService( 1709): Window already focused, ignoring focus gain of: com.android.internal.view.IInputMethodClient$Stub$Proxy@2fd7eb1b attribute=null, token = android.os.BinderProxy@33075538
I/ActivityManager( 1709): START u0 {act=android.intent.action.MAIN cat=[android.intent.category.LAUNCHER] flg=0x10200000 cmp=com.android.browser/.BrowserActivity bnds=[934,215][1202,368] (has extras)} from uid 1000 on display 0
V/WindowManager( 1709): addAppToken: AppWindowToken{178435f6 token=Token{13efc291 ActivityRecord{1a7384b8 u0 com.android.browser/.BrowserActivity t7}}} to stack=1 task=7 at 0
W/ContextImpl( 1909): Calling a method in the system process without a qualified user: android.app.ContextImpl.sendBroadcast:1341 android.content.ContextWrapper.sendBroadcast:382 com.vphone.launcher.Stats.recordLaunch:129 com.vphone.launcher.Launcher.b:3257 com.vphone.launcher.Launcher.onClickAppShortcut:3195 
V/WindowManager( 1709): Adding window Window{190ea293 u0 Starting com.android.browser} at 3 of 7 (after Window{17668911 u0 com.vphone.launcher/com.vphone.launcher.Launcher})
I/ActivityManager( 1709): Start proc 3206:com.android.browser/u0a14 for activity com.android.browser/.BrowserActivity
D/ConnectivityService( 1709): listenForNetwork for NetworkRequest [ id=9, legacyType=-1, [ Capabilities: INTERNET&NOT_RESTRICTED&TRUSTED] ]
D/ConnectivityService( 1709): handleRegisterNetworkRequest checking NetworkAgentInfo [WIFI () - 101]
D/ConnectivityService( 1709): apparently satisfied.  currentScore=60
V/WindowManager( 1709): Adding window Window{23f3e3d7 u0 com.android.browser/com.android.browser.BrowserActivity} at 3 of 8 (before Window{190ea293 u0 Starting com.android.browser})
D/ConnectivityService( 1709): listenForNetwork for NetworkRequest [ id=10, legacyType=-1, [ Capabilities: INTERNET&NOT_RESTRICTED&TRUSTED] ]
D/ConnectivityService( 1709): handleRegisterNetworkRequest checking NetworkAgentInfo [WIFI () - 101]
D/ConnectivityService( 1709): apparently satisfied.  currentScore=60
V/WindowManager( 1709): Adding window Window{b802c3a u0 PopupWindow:3ee15f8e} at 4 of 8 (after Window{23f3e3d7 u0 com.android.browser/com.android.browser.BrowserActivity})
W/InputMethodManagerService( 1709): Window already focused, ignoring focus gain of: com.android.internal.view.IInputMethodClient$Stub$Proxy@261f70c7 attribute=null, token = android.os.BinderProxy@1635e756
W/ContextImpl( 1709): Calling a method in the system process without a qualified user: android.app.ContextImpl.sendBroadcast:1327 com.android.server.InputMethodManagerService.showCurrentInputLocked:1905 com.android.server.InputMethodManagerService.showSoftInput:1864 com.android.internal.view.IInputMethodManager$Stub.onTransact:175 com.android.server.InputMethodManagerService.onTransact:874 
I/ValidateNoPeople( 1709): skipping global notification
I/ValidateNoPeople( 1709): skipping global notification
W/ContextImpl( 1709): Calling a method in the system process without a qualified user: android.app.ContextImpl.sendBroadcast:1327 com.android.server.InputMethodManagerService.hideCurrentInputLocked:1996 com.android.server.InputMethodManagerService.hideSoftInput:1958 com.android.internal.view.IInputMethodManager$Stub.onTransact:194 com.android.server.InputMethodManagerService.onTransact:874 
W/ContextImpl( 1709): Calling a method in the system process without a qualified user: android.app.ContextImpl.sendBroadcast:1327 com.android.server.InputMethodManagerService.showCurrentInputLocked:1905 com.android.server.InputMethodManagerService.showSoftInput:1864 com.android.internal.view.IInputMethodManager$Stub.onTransact:175 com.android.server.InputMethodManagerService.onTransact:874 
I/ValidateNoPeople( 1709): skipping global notification
I/ValidateNoPeople( 1709): skipping global notification
W/ContextImpl( 1709): Calling a method in the system process without a qualified user: android.app.ContextImpl.sendBroadcast:1327 com.android.server.InputMethodManagerService.hideCurrentInputLocked:1996 com.android.server.InputMethodManagerService.hideSoftInput:1958 com.android.internal.view.IInputMethodManager$Stub.onTransact:194 com.android.server.InputMethodManagerService.onTransact:874 
W/ContextImpl( 1709): Calling a method in the system process without a qualified user: android.app.ContextImpl.sendBroadcast:1327 com.android.server.InputMethodManagerService.showCurrentInputLocked:1905 com.android.server.InputMethodManagerService.showSoftInput:1864 com.android.internal.view.IInputMethodManager$Stub.onTransact:175 com.android.server.InputMethodManagerService.onTransact:874 
I/ValidateNoPeople( 1709): skipping global notification
I/ValidateNoPeople( 1709): skipping global notification
W/ContextImpl( 1709): Calling a method in the system process without a qualified user: android.app.ContextImpl.sendBroadcast:1327 com.android.server.InputMethodManagerService.hideCurrentInputLocked:1996 com.android.server.InputMethodManagerService.hideSoftInput:1958 com.android.internal.view.IInputMethodManager$Stub.onTransact:194 com.android.server.InputMethodManagerService.onTransact:874 
I/ActivityManager( 1709): START u0 {act=android.intent.action.MAIN cat=[android.intent.category.HOME] flg=0x10200000 cmp=com.vphone.launcher/.Launcher} from uid 1000 on display 0
I/ActivityManager( 1709): START u0 {act=com.android.systemui.recents.SHOW_RECENTS flg=0x10804000 cmp=com.android.systemui/.recents.RecentsActivity} from uid 10010 on display 0
W/InputMethodManagerService( 1709): Starting input on non-focused client com.android.internal.view.IInputMethodClient$Stub$Proxy@14614695 (uid=1000 pid=1909)
I/ActivityManager( 1709): Killing 3206:com.android.browser/u0a14 (adj 9): remove task
I/WindowState( 1709): WIN DEATH: Window{23f3e3d7 u0 com.android.browser/com.android.browser.BrowserActivity}
D/ConnectivityService( 1709): ConnectivityService NetworkRequestInfo binderDied(NetworkRequest [ id=9, legacyType=-1, [ Capabilities: INTERNET&NOT_RESTRICTED&TRUSTED] ], android.os.BinderProxy@6ddb5f0)
D/ConnectivityService( 1709): releasing NetworkRequest NetworkRequest [ id=9, legacyType=-1, [ Capabilities: INTERNET&NOT_RESTRICTED&TRUSTED] ]
D/ConnectivityService( 1709): ConnectivityService NetworkRequestInfo binderDied(NetworkRequest [ id=10, legacyType=-1, [ Capabilities: INTERNET&NOT_RESTRICTED&TRUSTED] ], android.os.BinderProxy@2175c769)
E/ConnectivityService( 1709): RemoteException caught trying to send a callback msg for NetworkRequest [ id=9, legacyType=-1, [ Capabilities: INTERNET&NOT_RESTRICTED&TRUSTED] ]
D/ConnectivityService( 1709): releasing NetworkRequest NetworkRequest [ id=10, legacyType=-1, [ Capabilities: INTERNET&NOT_RESTRICTED&TRUSTED] ]
E/ConnectivityService( 1709): RemoteException caught trying to send a callback msg for NetworkRequest [ id=10, legacyType=-1, [ Capabilities: INTERNET&NOT_RESTRICTED&TRUSTED] ]
D/TaskPersister( 1709): removeObsoleteFile: deleting file=7_task.xml
D/TaskPersister( 1709): removeObsoleteFile: deleting file=7_task_thumbnail.png
I/ActivityManager( 1709): START u0 {act=android.intent.action.MAIN cat=[android.intent.category.HOME] flg=0x10200000 cmp=com.vphone.launcher/.Launcher} from uid 10010 on display 0
I/ActivityManager( 1709): START u0 {act=android.intent.action.MAIN cat=[android.intent.category.LAUNCHER] flg=0x10200000 cmp=com.bignox.app.store.hd/.StoreActivity bnds=[130,215][398,368] (has extras)} from uid 1000 on display 0
V/WindowManager( 1709): addAppToken: AppWindowToken{3daec0ab token=Token{32d9a2fa ActivityRecord{79a7125 u0 com.bignox.app.store.hd/.StoreActivity t8}}} to stack=1 task=8 at 0
W/ContextImpl( 1909): Calling a method in the system process without a qualified user: android.app.ContextImpl.sendBroadcast:1341 android.content.ContextWrapper.sendBroadcast:382 com.vphone.launcher.Stats.recordLaunch:129 com.vphone.launcher.Launcher.b:3257 com.vphone.launcher.Launcher.onClickAppShortcut:3195 
V/WindowManager( 1709): Adding window Window{13189a23 u0 Starting com.bignox.app.store.hd} at 3 of 7 (after Window{17668911 u0 com.vphone.launcher/com.vphone.launcher.Launcher})
V/WindowManager( 1709): Adding window Window{16e4294c u0 com.bignox.app.store.hd/com.bignox.app.store.hd.StoreActivity} at 3 of 8 (before Window{13189a23 u0 Starting com.bignox.app.store.hd})
D/ConnectivityService( 1709): listenForNetwork for NetworkRequest [ id=11, legacyType=-1, [ Capabilities: INTERNET&NOT_RESTRICTED&TRUSTED] ]
D/ConnectivityService( 1709): handleRegisterNetworkRequest checking NetworkAgentInfo [WIFI () - 101]
D/ConnectivityService( 1709): apparently satisfied.  currentScore=60
D/ConnectivityService( 1709): listenForNetwork for NetworkRequest [ id=12, legacyType=-1, [ Capabilities: INTERNET&NOT_RESTRICTED&TRUSTED] ]
D/ConnectivityService( 1709): handleRegisterNetworkRequest checking NetworkAgentInfo [WIFI () - 101]
D/ConnectivityService( 1709): apparently satisfied.  currentScore=60
W/SocketClient( 1449): write error (Broken pipe)
W/SocketClient( 1449): write error (Broken pipe)
W/SocketClient( 1449): write error (Broken pipe)
W/SocketClient( 1449): write error (Broken pipe)
W/SocketClient( 1449): write error (Broken pipe)
W/SocketClient( 1449): write error (Broken pipe)
W/SocketClient( 1449): write error (Broken pipe)
W/SocketClient( 1449): write error (Broken pipe)
W/ActivityManager( 1709): Launch timeout has expired, giving up wake lock!
W/SocketClient( 1449): write error (Broken pipe)
W/SocketClient( 1449): write error (Broken pipe)
W/SocketClient( 1449): write error (Broken pipe)
W/SocketClient( 1449): write error (Broken pipe)
W/SocketClient( 1449): write error (Broken pipe)
W/SocketClient( 1449): write error (Broken pipe)
W/SocketClient( 1449): write error (Broken pipe)
I/ActivityManager( 1709): START u0 {cmp=com.bignox.app.store.hd/.activity.SearchPageActivity} from uid 1000 on display 0
V/WindowManager( 1709): addAppToken: AppWindowToken{169c55f3 token=Token{31a6a062 ActivityRecord{b40e32d u0 com.bignox.app.store.hd/.activity.SearchPageActivity t8}}} to stack=1 task=8 at 1
V/WindowManager( 1709): Adding window Window{2f758529 u0 com.bignox.app.store.hd/com.bignox.app.store.hd.activity.SearchPageActivity} at 4 of 8 (after Window{16e4294c u0 com.bignox.app.store.hd/com.bignox.app.store.hd.StoreActivity})
W/ContextImpl( 1709): Calling a method in the system process without a qualified user: android.app.ContextImpl.sendBroadcast:1327 com.android.server.InputMethodManagerService.showCurrentInputLocked:1905 com.android.server.InputMethodManagerService.windowGainedFocus:2103 com.android.internal.view.IInputMethodManager$Stub.onTransact:221 com.android.server.InputMethodManagerService.onTransact:874 
I/ValidateNoPeople( 1709): skipping global notification
I/ValidateNoPeople( 1709): skipping global notification
W/SocketClient( 1449): write error (Broken pipe)
W/ContextImpl( 1709): Calling a method in the system process without a qualified user: android.app.ContextImpl.sendBroadcast:1327 com.android.server.InputMethodManagerService.hideCurrentInputLocked:1996 com.android.server.InputMethodManagerService.hideMySoftInput:2462 com.android.internal.view.IInputMethodManager$Stub.onTransact:288 com.android.server.InputMethodManagerService.onTransact:874 
I/ActivityManager( 1709): moveTaskToBack: TaskRecord{d0a020c #8 A=com.bignox.app.store.hd U=0 sz=1}
W/ViewRootImpl( 1909): Cancelling event due to no window focus: KeyEvent { action=ACTION_UP, keyCode=KEYCODE_BACK, scanCode=158, metaState=0, flags=0x28, repeatCount=0, eventTime=431040, downTime=431040, deviceId=1, source=0x101 }
W/ViewRootImpl( 1909): Cancelling event due to no window focus: KeyEvent { action=ACTION_UP, keyCode=KEYCODE_BACK, scanCode=158, metaState=0, flags=0x28, repeatCount=0, eventTime=431040, downTime=431040, deviceId=1, source=0x101 }
W/ViewRootImpl( 1909): Cancelling event due to no window focus: KeyEvent { action=ACTION_UP, keyCode=KEYCODE_BACK, scanCode=158, metaState=0, flags=0x28, repeatCount=0, eventTime=431040, downTime=431040, deviceId=1, source=0x101 }
W/ViewRootImpl( 1909): Cancelling event due to no window focus: KeyEvent { action=ACTION_UP, keyCode=KEYCODE_BACK, scanCode=158, metaState=0, flags=0x28, repeatCount=0, eventTime=431040, downTime=431040, deviceId=1, source=0x101 }
W/ViewRootImpl( 1909): Cancelling event due to no window focus: KeyEvent { action=ACTION_UP, keyCode=KEYCODE_BACK, scanCode=158, metaState=0, flags=0x28, repeatCount=0, eventTime=431040, downTime=431040, deviceId=1, source=0x101 }
W/ViewRootImpl( 1909): Cancelling event due to no window focus: KeyEvent { action=ACTION_UP, keyCode=KEYCODE_BACK, scanCode=158, metaState=0, flags=0x28, repeatCount=0, eventTime=431040, downTime=431040, deviceId=1, source=0x101 }
W/ViewRootImpl( 1909): Cancelling event due to no window focus: KeyEvent { action=ACTION_UP, keyCode=KEYCODE_BACK, scanCode=158, metaState=0, flags=0x28, repeatCount=0, eventTime=431040, downTime=431040, deviceId=1, source=0x101 }
W/ViewRootImpl( 1909): Cancelling event due to no window focus: KeyEvent { action=ACTION_UP, keyCode=KEYCODE_BACK, scanCode=158, metaState=0, flags=0x28, repeatCount=0, eventTime=431040, downTime=431040, deviceId=1, source=0x101 }
W/ViewRootImpl( 1909): Cancelling event due to no window focus: KeyEvent { action=ACTION_UP, keyCode=KEYCODE_BACK, scanCode=158, metaState=0, flags=0x28, repeatCount=0, eventTime=431040, downTime=431040, deviceId=1, source=0x101 }
I/ActivityManager( 1709): START u0 {act=com.android.systemui.recents.SHOW_RECENTS flg=0x10804000 cmp=com.android.systemui/.recents.RecentsActivity} from uid 10010 on display 0
D/TaskPersister( 1709): removeObsoleteFile: deleting file=8_task.xml
D/TaskPersister( 1709): removeObsoleteFile: deleting file=8_task_thumbnail.png
I/ActivityManager( 1709): START u0 {act=android.intent.action.MAIN cat=[android.intent.category.HOME] flg=0x10200000 cmp=com.vphone.launcher/.Launcher} from uid 10010 on display 0
I/ActivityManager( 1709): Killing 2760:com.bignox.app.store.hd/1000 (adj 16): remove task
D/ConnectivityService( 1709): ConnectivityService NetworkRequestInfo binderDied(NetworkRequest [ id=12, legacyType=-1, [ Capabilities: INTERNET&NOT_RESTRICTED&TRUSTED] ], android.os.BinderProxy@b7d4a28)
D/ConnectivityService( 1709): releasing NetworkRequest NetworkRequest [ id=12, legacyType=-1, [ Capabilities: INTERNET&NOT_RESTRICTED&TRUSTED] ]
D/ConnectivityService( 1709): ConnectivityService NetworkRequestInfo binderDied(NetworkRequest [ id=11, legacyType=-1, [ Capabilities: INTERNET&NOT_RESTRICTED&TRUSTED] ], android.os.BinderProxy@13e0f341)
E/ConnectivityService( 1709): RemoteException caught trying to send a callback msg for NetworkRequest [ id=12, legacyType=-1, [ Capabilities: INTERNET&NOT_RESTRICTED&TRUSTED] ]
D/ConnectivityService( 1709): releasing NetworkRequest NetworkRequest [ id=11, legacyType=-1, [ Capabilities: INTERNET&NOT_RESTRICTED&TRUSTED] ]
E/ConnectivityService( 1709): RemoteException caught trying to send a callback msg for NetworkRequest [ id=11, legacyType=-1, [ Capabilities: INTERNET&NOT_RESTRICTED&TRUSTED] ]
D/WifiService( 1709): Client connection lost with reason: 4
W/ActivityManager( 1709): Scheduling restart of crashed service com.bignox.app.store.hd/.services.StoreService in 1000ms
I/ActivityManager( 1709): Start proc 3483:com.bignox.app.store.hd/1000 for service com.bignox.app.store.hd/.services.StoreService
D/WifiService( 1709): New client listening to asynchronous messages
W/ActivityThread( 3483): ClassLoader.loadClass: The class loader returned by Thread.getContextClassLoader() may fail for processes that host multiple applications. You should explicitly specify a context class loader. For example: Thread.setContextClassLoader(getClass().getClassLoader());
W/ContextImpl( 3483): Calling a method in the system process without a qualified user: android.app.ContextImpl.startService:1706 android.content.ContextWrapper.startService:516 com.bignox.app.store.hd.StoreApplication.onCreate:97 android.app.Instrumentation.callApplicationOnCreate:1012 android.app.ActivityThread.handleBindApplication:4592 
W/ContextImpl( 3483): Calling a method in the system process without a qualified user: android.app.ContextImpl.sendBroadcast:1327 android.content.ContextWrapper.sendBroadcast:377 com.bignox.app.store.hd.asynctask.InitPackageMapTask.onPostExecute:284 com.bignox.app.store.hd.asynctask.InitPackageMapTask.onPostExecute:32 android.os.AsyncTask.finish:636 
W/SocketClient( 1449): write error (Broken pipe)
W/SocketClient( 1449): write error (Broken pipe)
W/SocketClient( 1449): write error (Broken pipe)
W/SocketClient( 1449): write error (Broken pipe)
W/SocketClient( 1449): write error (Broken pipe)
W/SocketClient( 1449): write error (Broken pipe)
W/SocketClient( 1449): write error (Broken pipe)
--------- beginning of main
W/System.err( 1909): 	at java.net.InetAddress.lookupHostByName(InetAddress.java:438)
W/System.err( 1909): 	... 16 more
W/System.err( 1909): com.android.volley.NoConnectionError: java.net.UnknownHostException: Unable to resolve host "api.bignox.com": No address associated with hostname
W/System.err( 1909): 	at com.android.volley.toolbox.BasicNetwork.performRequest(SourceFile:158)
W/System.err( 1909): 	at com.android.volley.NetworkDispatcher.run(SourceFile:114)
W/System.err( 1909): Caused by: java.net.UnknownHostException: Unable to resolve host "api.bignox.com": No address associated with hostname
W/System.err( 1909): 	at java.net.InetAddress.lookupHostByName(InetAddress.java:457)
W/System.err( 1909): 	at java.net.InetAddress.getAllByNameImpl(InetAddress.java:252)
W/System.err( 1909): 	at java.net.InetAddress.getAllByName(InetAddress.java:215)
W/System.err( 1909): 	at okhttp3.Dns$1.lookup(SourceFile:39)
W/System.err( 1909): 	at okhttp3.internal.http.RouteSelector.a(SourceFile:173)
W/System.err( 1909): 	at okhttp3.internal.http.RouteSelector.next(SourceFile:2139)
W/System.err( 1909): 	at okhttp3.internal.http.StreamAllocation.a(SourceFile:174)
W/System.err( 1909): 	at okhttp3.internal.http.StreamAllocation.a(SourceFile:127)
W/System.err( 1909): 	at okhttp3.internal.http.StreamAllocation.newStream(SourceFile:97)
W/System.err( 1909): 	at okhttp3.internal.http.HttpEngine.sendRequest(SourceFile:3289)
W/System.err( 1909): 	at my.a(SourceFile:240)
W/System.err( 1909): 	at my$a.proceed(SourceFile:198)
W/System.err( 1909): 	at my.a(SourceFile:160)
W/System.err( 1909): 	at my.execute(SourceFile:57)
W/System.err( 1909): 	at com.vphone.launcher.utils.OkHttpStack.performRequest(SourceFile:141)
W/System.err( 1909): 	at com.android.volley.toolbox.BasicNetwork.performRequest(SourceFile:97)
W/System.err( 1909): 	... 1 more
W/System.err( 1909): Caused by: android.system.GaiException: android_getaddrinfo failed: EAI_NODATA (No address associated with hostname)
W/System.err( 1909): 	at libcore.io.Posix.android_getaddrinfo(Native Method)
W/System.err( 1909): 	at libcore.io.ForwardingOs.android_getaddrinfo(ForwardingOs.java:55)
W/System.err( 1909): 	at java.net.InetAddress.lookupHostByName(InetAddress.java:438)
W/System.err( 1909): 	... 16 more
W/System.err( 1909): com.android.volley.NoConnectionError: java.net.UnknownHostException: Unable to resolve host "api.bignox.com": No address associated with hostname
W/System.err( 1909): 	at com.android.volley.toolbox.BasicNetwork.performRequest(SourceFile:158)
W/System.err( 1909): 	at com.android.volley.NetworkDispatcher.run(SourceFile:114)
W/System.err( 1909): Caused by: java.net.UnknownHostException: Unable to resolve host "api.bignox.com": No address associated with hostname
W/System.err( 1909): 	at java.net.InetAddress.lookupHostByName(InetAddress.java:457)
W/System.err( 1909): 	at java.net.InetAddress.getAllByNameImpl(InetAddress.java:252)
W/System.err( 1909): 	at java.net.InetAddress.getAllByName(InetAddress.java:215)
W/System.err( 1909): 	at okhttp3.Dns$1.lookup(SourceFile:39)
W/System.err( 1909): 	at okhttp3.internal.http.RouteSelector.a(SourceFile:173)
W/System.err( 1909): 	at okhttp3.internal.http.RouteSelector.next(SourceFile:2139)
W/System.err( 1909): 	at okhttp3.internal.http.StreamAllocation.a(SourceFile:174)
W/System.err( 1909): 	at okhttp3.internal.http.StreamAllocation.a(SourceFile:127)
W/System.err( 1909): 	at okhttp3.internal.http.StreamAllocation.newStream(SourceFile:97)
W/System.err( 1909): 	at okhttp3.internal.http.HttpEngine.sendRequest(SourceFile:3289)
W/System.err( 1909): 	at my.a(SourceFile:240)
W/System.err( 1909): 	at my$a.proceed(SourceFile:198)
W/System.err( 1909): 	at my.a(SourceFile:160)
W/System.err( 1909): 	at my.execute(SourceFile:57)
W/System.err( 1909): 	at com.vphone.launcher.utils.OkHttpStack.performRequest(SourceFile:141)
W/System.err( 1909): 	at com.android.volley.toolbox.BasicNetwork.performRequest(SourceFile:97)
W/System.err( 1909): 	... 1 more
W/System.err( 1909): Caused by: android.system.GaiException: android_getaddrinfo failed: EAI_NODATA (No address associated with hostname)
W/System.err( 1909): 	at libcore.io.Posix.android_getaddrinfo(Native Method)
W/System.err( 1909): 	at libcore.io.ForwardingOs.android_getaddrinfo(ForwardingOs.java:55)
W/System.err( 1909): 	at java.net.InetAddress.lookupHostByName(InetAddress.java:438)
W/System.err( 1909): 	... 16 more
W/System.err( 1909): com.android.volley.NoConnectionError: java.net.UnknownHostException: Unable to resolve host "api.bignox.com": No address associated with hostname
W/System.err( 1909): 	at com.android.volley.toolbox.BasicNetwork.performRequest(SourceFile:158)
W/System.err( 1909): 	at com.android.volley.NetworkDispatcher.run(SourceFile:114)
W/System.err( 1909): Caused by: java.net.UnknownHostException: Unable to resolve host "api.bignox.com": No address associated with hostname
W/System.err( 1909): 	at java.net.InetAddress.lookupHostByName(InetAddress.java:457)
W/System.err( 1909): 	at java.net.InetAddress.getAllByNameImpl(InetAddress.java:252)
W/System.err( 1909): 	at java.net.InetAddress.getAllByName(InetAddress.java:215)
W/System.err( 1909): 	at okhttp3.Dns$1.lookup(SourceFile:39)
W/System.err( 1909): 	at okhttp3.internal.http.RouteSelector.a(SourceFile:173)
W/System.err( 1909): 	at okhttp3.internal.http.RouteSelector.next(SourceFile:2139)
W/System.err( 1909): 	at okhttp3.internal.http.StreamAllocation.a(SourceFile:174)
W/System.err( 1909): 	at okhttp3.internal.http.StreamAllocation.a(SourceFile:127)
W/System.err( 1909): 	at okhttp3.internal.http.StreamAllocation.newStream(SourceFile:97)
W/System.err( 1909): 	at okhttp3.internal.http.HttpEngine.sendRequest(SourceFile:3289)
W/System.err( 1909): 	at my.a(SourceFile:240)
W/System.err( 1909): 	at my$a.proceed(SourceFile:198)
W/System.err( 1909): 	at my.a(SourceFile:160)
W/System.err( 1909): 	at my.execute(SourceFile:57)
W/System.err( 1909): 	at com.vphone.launcher.utils.OkHttpStack.performRequest(SourceFile:141)
W/System.err( 1909): 	at com.android.volley.toolbox.BasicNetwork.performRequest(SourceFile:97)
W/System.err( 1909): 	... 1 more
W/System.err( 1909): Caused by: android.system.GaiException: android_getaddrinfo failed: EAI_NODATA (No address associated with hostname)
W/System.err( 1909): 	at libcore.io.Posix.android_getaddrinfo(Native Method)
W/System.err( 1909): 	at libcore.io.ForwardingOs.android_getaddrinfo(ForwardingOs.java:55)
W/System.err( 1909): 	at java.net.InetAddress.lookupHostByName(InetAddress.java:438)
W/System.err( 1909): 	... 16 more
W/System.err( 1909): com.android.volley.NoConnectionError: java.net.UnknownHostException: Unable to resolve host "api.bignox.com": No address associated with hostname
W/System.err( 1909): 	at com.android.volley.toolbox.BasicNetwork.performRequest(SourceFile:158)
W/System.err( 1909): 	at com.android.volley.NetworkDispatcher.run(SourceFile:114)
W/System.err( 1909): Caused by: java.net.UnknownHostException: Unable to resolve host "api.bignox.com": No address associated with hostname
W/System.err( 1909): 	at java.net.InetAddress.lookupHostByName(InetAddress.java:427)
W/System.err( 1909): 	at java.net.InetAddress.getAllByNameImpl(InetAddress.java:252)
W/System.err( 1909): 	at java.net.InetAddress.getAllByName(InetAddress.java:215)
W/System.err( 1909): 	at okhttp3.Dns$1.lookup(SourceFile:39)
W/System.err( 1909): 	at okhttp3.internal.http.RouteSelector.a(SourceFile:173)
W/System.err( 1909): 	at okhttp3.internal.http.RouteSelector.next(SourceFile:2139)
W/System.err( 1909): 	at okhttp3.internal.http.StreamAllocation.a(SourceFile:174)
W/System.err( 1909): 	at okhttp3.internal.http.StreamAllocation.a(SourceFile:127)
W/System.err( 1909): 	at okhttp3.internal.http.StreamAllocation.newStream(SourceFile:97)
W/System.err( 1909): 	at okhttp3.internal.http.HttpEngine.sendRequest(SourceFile:3289)
W/System.err( 1909): 	at my.a(SourceFile:240)
W/System.err( 1909): 	at my$a.proceed(SourceFile:198)
W/System.err( 1909): 	at my.a(SourceFile:160)
W/System.err( 1909): 	at my.execute(SourceFile:57)
W/System.err( 1909): 	at com.vphone.launcher.utils.OkHttpStack.performRequest(SourceFile:141)
W/System.err( 1909): 	at com.android.volley.toolbox.BasicNetwork.performRequest(SourceFile:97)
W/System.err( 1909): 	... 1 more
W/System.err( 1909): com.android.volley.NoConnectionError: java.net.UnknownHostException: Unable to resolve host "api.bignox.com": No address associated with hostname
W/System.err( 1909): 	at com.android.volley.toolbox.BasicNetwork.performRequest(SourceFile:158)
W/System.err( 1909): 	at com.android.volley.NetworkDispatcher.run(SourceFile:114)
W/System.err( 1909): Caused by: java.net.UnknownHostException: Unable to resolve host "api.bignox.com": No address associated with hostname
W/System.err( 1909): 	at java.net.InetAddress.lookupHostByName(InetAddress.java:427)
W/System.err( 1909): 	at java.net.InetAddress.getAllByNameImpl(InetAddress.java:252)
W/System.err( 1909): 	at java.net.InetAddress.getAllByName(InetAddress.java:215)
W/System.err( 1909): 	at okhttp3.Dns$1.lookup(SourceFile:39)
W/System.err( 1909): 	at okhttp3.internal.http.RouteSelector.a(SourceFile:173)
