--------- beginning of system
I/Vold    ( 1443): Vold 2.1 (the revenge) firing up
D/Vold    ( 1443): Volume sdcard state changing -1 (Initializing) -> 0 (No-Media)
I/InstallerConnection( 1709): disconnecting...
I/SystemServer( 1709): Entered the Android system server!
I/SystemServiceManager( 1709): Starting com.android.server.pm.Installer
I/Installer( 1709): Waiting for installd to be ready.
I/InstallerConnection( 1709): connecting...
I/SystemServiceManager( 1709): Starting com.android.server.am.ActivityManagerService$Lifecycle
I/ActivityManager( 1709): Memory class: 192
I/AppOps  ( 1709): No existing app ops /data/system/appops.xml; starting empty
I/IntentFirewall( 1709): Read new rules (A:0 B:0 S:0)
D/AppOps  ( 1709): AppOpsService published
I/SystemServiceManager( 1709): Starting com.android.server.power.PowerManagerService
I/SystemServiceManager( 1709): Starting com.android.server.display.DisplayManagerService
I/SystemServiceManager( 1709): Starting phase 100
I/DisplayManagerService( 1709): Display device added: DisplayDeviceInfo{"内置屏幕": uniqueId="local:0", 1600 x 900, 60.000004 fps, supportedRefreshRates [60.000004], density 320, 320.0 x 320.0 dpi, appVsyncOff 0, presDeadline 17666666, touch INTERNAL, rotation 0, type BUILT_IN, state UNKNOWN, FLAG_DEFAULT_DISPLAY, FLAG_ROTATES_WITH_CONTENT, FLAG_SECURE, FLAG_SUPPORTS_PROTECTED_BUFFERS}
I/SystemServer( 1709): Package Manager
W/SystemConfig( 1709): No directory /system/etc/sysconfig, skipping
D/SELinuxMMAC( 1709): Using policy file /system/etc/security/mac_permissions.xml
W/PackageParser( 1709): No actions in intent filter at /system/priv-app/Contacts/Contacts.apk Binary XML file line #356
W/PackageParser( 1709): Unknown element under <intent-filter>: android at /system/priv-app/Telecom/Telecom.apk Binary XML file line #232
W/PackageParser( 1709): No actions in intent filter at /system/app/Bluetooth/Bluetooth.apk Binary XML file line #209
W/PackageParser( 1709): No actions in intent filter at /system/app/CMFileManager/CMFileManager.apk Binary XML file line #166
W/PackageParser( 1709): Unknown element under <application>: permission at /system/app/Gallery2/Gallery2.apk Binary XML file line #242
W/PackageParser( 1709): Unknown element under <application>: permission at /system/app/Gallery2/Gallery2.apk Binary XML file line #245
W/PackageManager( 1709): Package com.tencent.mm desires unavailable shared library com.google.android.maps; ignoring!
W/PackageManager( 1709): Package com.tencent.mm desires unavailable shared library com.sec.android.app.multiwindow; ignoring!
W/PackageManager( 1709): Package com.tencent.mm desires unavailable shared library android.test.base; ignoring!
W/PackageManager( 1709): Package com.tencent.mm desires unavailable shared library com.here.android; ignoring!
W/PackageManager( 1709): Package com.tencent.mm desires unavailable shared library soterkeystore; ignoring!
W/PackageParser( 1709): Unknown element under <manifest>: meta-data at /data/app/com.lemon.lemonban-1/base.apk Binary XML file line #43
W/PackageManager( 1709): Package com.tencent.mm desires unavailable shared library com.google.android.maps; ignoring!
W/PackageManager( 1709): Package com.tencent.mm desires unavailable shared library com.sec.android.app.multiwindow; ignoring!
W/PackageManager( 1709): Package com.tencent.mm desires unavailable shared library android.test.base; ignoring!
W/PackageManager( 1709): Package com.tencent.mm desires unavailable shared library com.here.android; ignoring!
W/PackageManager( 1709): Package com.tencent.mm desires unavailable shared library soterkeystore; ignoring!
W/PackageManager( 1709): Package com.android.gallery3d desires unavailable shared library com.google.android.media.effects; ignoring!
W/PackageManager( 1709): Package com.android.gallery3d desires unavailable shared library com.google.android.media.effects; ignoring!
I/PackageManager( 1709): Adjusting ABI for : com.vphone.helper to x86
I/PackageManager( 1709): Adjusting ABI for : com.android.server.telecom to x86
I/PackageManager( 1709): Adjusting ABI for : com.android.settings to x86
I/PackageManager( 1709): Adjusting ABI for : com.android.inputdevices to x86
I/PackageManager( 1709): Adjusting ABI for : com.android.inputservice to x86
I/PackageManager( 1709): Adjusting ABI for : com.bignox.google.installer to x86
I/PackageManager( 1709): Adjusting ABI for : com.android.location.fused to x86
I/PackageManager( 1709): Adjusting ABI for : com.vphone.launcher to x86
I/PackageManager( 1709): Adjusting ABI for : com.bignox.app.store.hd to x86
I/PackageManager( 1709): Adjusting ABI for : com.android.keychain to x86
I/PackageManager( 1709): Adjusting ABI for : com.android.providers.settings to x86
I/PackageManager( 1709): Time to scan packages: 0.285 seconds
W/PackageManager( 1709): Unknown permission com.google.android.googleapps.permission.GOOGLE_AUTH in package com.android.providers.calendar
W/PackageManager( 1709): Unknown permission com.google.android.googleapps.permission.GOOGLE_AUTH.cl in package com.android.providers.calendar
W/PackageManager( 1709): Unknown permission com.huawei.authentication.HW_ACCESS_AUTH_SERVICE in package com.tencent.mm
W/PackageManager( 1709): Unknown permission com.android.launcher.permission.READ_SETTINGS in package com.tencent.mm
W/PackageManager( 1709): Unknown permission com.tencent.mm.location.permission.SEND_VIEW in package com.tencent.mm
W/PackageManager( 1709): Unknown permission com.huawei.android.launcher.permission.CHANGE_BADGE in package com.tencent.mm
W/PackageManager( 1709): Unknown permission android.permission.WRITE_APP_BADGE in package com.tencent.mm
W/PackageManager( 1709): Unknown permission android.permission.REQUEST_IGNORE_BATTERY_OPTIMIZATIONS in package com.tencent.mm
W/PackageManager( 1709): Unknown permission com.bbk.launcher2.permission.READ_SETTINGS in package com.tencent.mm
W/PackageManager( 1709): Unknown permission android.permission.FOREGROUND_SERVICE in package com.tencent.mm
W/PackageManager( 1709): Unknown permission com.android.vending.BILLING in package com.tencent.mm
W/PackageManager( 1709): Unknown permission com.open.gallery.smart.Read in package com.tencent.mm
W/PackageManager( 1709): Unknown permission com.open.gallery.smart.Write in package com.tencent.mm
W/PackageManager( 1709): Unknown permission com.open.gallery.smart.Provider in package com.tencent.mm
W/PackageManager( 1709): Unknown permission android.permission.USE_FULL_SCREEN_INTENT in package com.tencent.mm
W/PackageManager( 1709): Unknown permission miui.permission.READ_STEPS in package com.tencent.mm
W/PackageManager( 1709): Unknown permission android.permission.USE_FINGERPRINT in package com.tencent.mm
W/PackageManager( 1709): Unknown permission android.permission.REQUEST_INSTALL_PACKAGES in package com.tencent.mm
W/PackageManager( 1709): Unknown permission android.permission.ACCESS_NOTIFICATION_POLICY in package com.tencent.mm
W/PackageManager( 1709): Unknown permission com.google.android.finsky.permission.BIND_GET_INSTALL_REFERRER_SERVICE in package com.tencent.mm
W/PackageManager( 1709): Unknown permission com.google.android.c2dm.permission.RECEIVE in package com.tencent.mm
W/PackageManager( 1709): Not granting permission android.permission.MOUNT_UNMOUNT_FILESYSTEMS to package com.tencent.mm (protectionLevel=18 flags=0x183e44)
W/PackageManager( 1709): Unknown permission com.soter.permission.ACCESS_SOTER_KEYSTORE in package com.tencent.mm
W/PackageManager( 1709): Unknown permission android.permission.USE_FACERECOGNITION in package com.tencent.mm
W/PackageManager( 1709): Unknown permission com.android.launcher.permission.READ_SETTINGS in package com.android.onetimeinitializer
W/PackageManager( 1709): Unknown permission com.android.launcher.permission.WRITE_SETTINGS in package com.android.onetimeinitializer
W/PackageManager( 1709): Unknown permission com.cyanogenmod.filemanager.permissions.READ_THEME in package com.cyanogenmod.filemanager
W/PackageManager( 1709): Unknown permission com.google.android.googleapps.permission.GOOGLE_AUTH in package com.android.settings
W/PackageManager( 1709): Unknown permission com.android.launcher.permission.READ_SETTINGS in package com.android.settings
W/PackageManager( 1709): Unknown permission com.android.launcher.permission.WRITE_SETTINGS in package com.android.settings
W/PackageManager( 1709): Unknown permission com.android.smspush.WAPPUSH_MANAGER_BIND in package com.android.phone
W/PackageManager( 1709): Unknown permission com.android.launcher.permission.READ_SETTINGS in package com.bignox.app.store.hd
W/PackageManager( 1709): Unknown permission com.android.launcher.permission.WRITE_SETTINGS in package com.bignox.app.store.hd
W/PackageManager( 1709): Unknown permission com.google.android.gallery3d.permission.GALLERY_PROVIDER in package com.android.bluetooth
W/PackageManager( 1709): Unknown permission android.permission.MMS_SEND_OUTBOX_MSG in package com.android.bluetooth
W/PackageManager( 1709): Not granting permission android.permission.MOUNT_UNMOUNT_FILESYSTEMS to package com.lemon.lemonban (protectionLevel=18 flags=0x48be44)
I/SystemServer( 1709): User Service
I/SystemServiceManager( 1709): Starting com.android.server.lights.LightsService
I/SystemServiceManager( 1709): Starting com.android.server.BatteryService
I/SystemServiceManager( 1709): Starting com.android.server.usage.UsageStatsService
I/UsageStatsService( 1709): User[0] Rollover scheduled @ 2019-10-31 08:00:00(1572480000000)
I/SystemServiceManager( 1709): Starting com.android.server.webkit.WebViewUpdateService
I/SystemServer( 1709): Reading configuration...
I/SystemServer( 1709): Scheduling Policy
I/SystemServiceManager( 1709): Starting com.android.server.telecom.TelecomLoaderService
I/SystemServer( 1709): Telephony Registry
I/SystemServer( 1709): Entropy Mixer
I/EntropyMixer( 1709): Writing entropy...
I/SystemServer( 1709): Account Manager
I/SystemServer( 1709): Content Manager
I/SystemServer( 1709): System Content Providers
I/SystemServer( 1709): Vibrator Service
I/SystemServer( 1709): Consumer IR Service
I/SystemServiceManager( 1709): Starting com.android.server.AlarmManagerService
I/SystemServer( 1709): Init Watchdog
I/SystemServer( 1709): Input Manager
I/InputManager( 1709): Initializing input manager, mUseDevInputEventForAudioJack=false
I/SystemServer( 1709): Window Manager
I/WindowManager( 1709): No existing display settings /data/system/display_settings.xml; starting empty
I/InputManager( 1709): Starting input manager
I/SystemServer( 1709): Bluetooth Manager Service
I/SystemServer( 1709): Input Method Service
W/InputMethodManagerService( 1709): Couldn't create dir.: /data/system/inputmethod
I/SystemServer( 1709): Accessibility Manager
I/SystemServer( 1709): Mount Service
D/MountService( 1709): got storage path: /mnt/sdcard description: 内部存储设备 primary: true removable: false emulated: true mtpReserve: 100 allowMassStorage: false maxFileSize: 0
D/MountService( 1709): addVolumeLocked() StorageVolume:
D/MountService( 1709):     mStorageId=65537 mPath=/storage/emulated/0 mDescriptionId=17040812 
D/MountService( 1709):     mPrimary=true mRemovable=false mEmulated=true mMtpReserveSpace=100 
D/MountService( 1709):     mAllowMassStorage=false mMaxFileSize=0 mOwner=UserHandle{0} mUuid=null 
D/MountService( 1709):     mUserLabel=null mState=null 
I/SystemServer( 1709): LockSettingsService
I/SystemServiceManager( 1709): Starting com.android.server.devicepolicy.DevicePolicyManagerService$Lifecycle
I/SystemServer( 1709): Status Bar
I/SystemServer( 1709): Clipboard Service
I/SystemServer( 1709): NetworkManagement Service
I/SystemServer( 1709): Text Service Manager Service
W/TextServicesManagerService( 1709): no available spell checker services found
I/SystemServer( 1709): Network Score Service
E/MountService( 1709): Error processing initial volume state
E/MountService( 1709): java.lang.NullPointerException: Attempt to invoke virtual method 'java.lang.String android.os.storage.StorageVolume.getPath()' on a null object reference
E/MountService( 1709): 	at com.android.server.MountService.updatePublicVolumeState(MountService.java:746)
E/MountService( 1709): 	at com.android.server.MountService.access$1700(MountService.java:119)
E/MountService( 1709): 	at com.android.server.MountService$3.run(MountService.java:840)
W/PackageManager( 1709): Unknown permission com.google.android.googleapps.permission.GOOGLE_AUTH in package com.android.providers.calendar
W/PackageManager( 1709): Unknown permission com.google.android.googleapps.permission.GOOGLE_AUTH.cl in package com.android.providers.calendar
W/PackageManager( 1709): Unknown permission com.huawei.authentication.HW_ACCESS_AUTH_SERVICE in package com.tencent.mm
W/PackageManager( 1709): Unknown permission com.android.launcher.permission.READ_SETTINGS in package com.tencent.mm
W/PackageManager( 1709): Unknown permission com.tencent.mm.location.permission.SEND_VIEW in package com.tencent.mm
W/PackageManager( 1709): Unknown permission com.huawei.android.launcher.permission.CHANGE_BADGE in package com.tencent.mm
W/PackageManager( 1709): Unknown permission android.permission.WRITE_APP_BADGE in package com.tencent.mm
W/PackageManager( 1709): Unknown permission android.permission.REQUEST_IGNORE_BATTERY_OPTIMIZATIONS in package com.tencent.mm
W/PackageManager( 1709): Unknown permission com.bbk.launcher2.permission.READ_SETTINGS in package com.tencent.mm
W/PackageManager( 1709): Unknown permission android.permission.FOREGROUND_SERVICE in package com.tencent.mm
W/PackageManager( 1709): Unknown permission com.android.vending.BILLING in package com.tencent.mm
W/PackageManager( 1709): Unknown permission com.open.gallery.smart.Read in package com.tencent.mm
W/PackageManager( 1709): Unknown permission com.open.gallery.smart.Write in package com.tencent.mm
W/PackageManager( 1709): Unknown permission com.open.gallery.smart.Provider in package com.tencent.mm
W/PackageManager( 1709): Unknown permission android.permission.USE_FULL_SCREEN_INTENT in package com.tencent.mm
W/PackageManager( 1709): Unknown permission miui.permission.READ_STEPS in package com.tencent.mm
W/PackageManager( 1709): Unknown permission android.permission.USE_FINGERPRINT in package com.tencent.mm
W/PackageManager( 1709): Unknown permission android.permission.REQUEST_INSTALL_PACKAGES in package com.tencent.mm
W/PackageManager( 1709): Unknown permission android.permission.ACCESS_NOTIFICATION_POLICY in package com.tencent.mm
W/PackageManager( 1709): Unknown permission com.google.android.finsky.permission.BIND_GET_INSTALL_REFERRER_SERVICE in package com.tencent.mm
W/PackageManager( 1709): Unknown permission com.google.android.c2dm.permission.RECEIVE in package com.tencent.mm
W/PackageManager( 1709): Not granting permission android.permission.MOUNT_UNMOUNT_FILESYSTEMS to package com.tencent.mm (protectionLevel=18 flags=0x183e44)
W/PackageManager( 1709): Unknown permission com.soter.permission.ACCESS_SOTER_KEYSTORE in package com.tencent.mm
W/PackageManager( 1709): Unknown permission android.permission.USE_FACERECOGNITION in package com.tencent.mm
W/PackageManager( 1709): Unknown permission com.android.launcher.permission.READ_SETTINGS in package com.android.onetimeinitializer
W/PackageManager( 1709): Unknown permission com.android.launcher.permission.WRITE_SETTINGS in package com.android.onetimeinitializer
W/PackageManager( 1709): Unknown permission com.cyanogenmod.filemanager.permissions.READ_THEME in package com.cyanogenmod.filemanager
W/PackageManager( 1709): Unknown permission com.google.android.googleapps.permission.GOOGLE_AUTH in package com.android.settings
W/PackageManager( 1709): Unknown permission com.android.launcher.permission.READ_SETTINGS in package com.android.settings
W/PackageManager( 1709): Unknown permission com.android.launcher.permission.WRITE_SETTINGS in package com.android.settings
W/PackageManager( 1709): Unknown permission com.android.smspush.WAPPUSH_MANAGER_BIND in package com.android.phone
W/PackageManager( 1709): Unknown permission com.android.launcher.permission.READ_SETTINGS in package com.bignox.app.store.hd
W/PackageManager( 1709): Unknown permission com.android.launcher.permission.WRITE_SETTINGS in package com.bignox.app.store.hd
W/PackageManager( 1709): Unknown permission com.google.android.gallery3d.permission.GALLERY_PROVIDER in package com.android.bluetooth
W/PackageManager( 1709): Unknown permission android.permission.MMS_SEND_OUTBOX_MSG in package com.android.bluetooth
W/PackageManager( 1709): Not granting permission android.permission.MOUNT_UNMOUNT_FILESYSTEMS to package com.lemon.lemonban (protectionLevel=18 flags=0x48be44)
I/SystemServer( 1709): NetworkStats Service
I/SystemServer( 1709): NetworkPolicy Service
I/SystemServiceManager( 1709): Starting com.android.server.wifi.p2p.WifiP2pService
I/SystemServiceManager( 1709): Starting com.android.server.wifi.WifiService
I/NOX     ( 1792): Starting deamon
I/SystemServiceManager( 1709): Starting com.android.server.wifi.WifiScanningService
I/SystemServiceManager( 1709): Starting com.android.server.wifi.RttService
I/SystemServer( 1709): Connectivity Service
D/ConnectivityService( 1709): ConnectivityService starting up
D/ConnectivityService( 1709): wifiOnly=false
E/ConnectivityService( 1709): Ignoring protectedNetwork 10
E/ConnectivityService( 1709): Ignoring protectedNetwork 11
E/ConnectivityService( 1709): Ignoring protectedNetwork 12
E/ConnectivityService( 1709): Ignoring protectedNetwork 14
E/ConnectivityService( 1709): Ignoring protectedNetwork 15
I/SystemServer( 1709): Network Service Discovery Service
D/NsdService( 1709): Network service discovery enabled true
I/SystemServer( 1709): UpdateLock Service
I/SystemServiceManager( 1709): Starting com.android.server.notification.NotificationManagerService
I/SystemServiceManager( 1709): Starting com.android.server.storage.DeviceStorageMonitorService
I/SystemServer( 1709): Location Manager
I/SystemServer( 1709): Country Detector
I/SystemServer( 1709): Search Service
I/SystemServer( 1709): DropBox Service
I/SystemServer( 1709): Wallpaper Service
I/SystemServer( 1709): Audio Service
I/SystemServiceManager( 1709): Starting com.android.server.DockObserver
W/DockObserver( 1709): This kernel does not have dock station support
I/SystemServer( 1709): Wired Accessory Manager
W/WiredAccessoryManager( 1709): This kernel does not have wired headset support
W/WiredAccessoryManager( 1709): This kernel does not have usb audio support
W/WiredAccessoryManager( 1709): This kernel does not have HDMI audio support
I/SystemServiceManager( 1709): Starting com.android.server.usb.UsbService$Lifecycle
I/SystemServer( 1709): Serial Service
I/SystemServiceManager( 1709): Starting com.android.server.twilight.TwilightService
I/SystemServiceManager( 1709): Starting com.android.server.UiModeManagerService
I/SystemServiceManager( 1709): Starting com.android.server.job.JobSchedulerService
I/SystemServiceManager( 1709): Starting com.android.server.backup.BackupManagerService$Lifecycle
I/SystemServiceManager( 1709): Starting com.android.server.appwidget.AppWidgetService
I/SystemServiceManager( 1709): Starting com.android.server.voiceinteraction.VoiceInteractionManagerService
W/SoundTriggerHelper( 1709): listModules status=0, # of modules=0
I/SystemServer( 1709): DiskStats Service
I/SystemServer( 1709): SamplingProfiler Service
I/SystemServer( 1709): NetworkTimeUpdateService
I/SystemServer( 1709): CommonTimeManagementService
I/SystemServer( 1709): CertBlacklister
I/SystemServiceManager( 1709): Starting com.android.server.dreams.DreamManagerService
I/SystemServer( 1709): Assets Atlas Service
I/SystemServiceManager( 1709): Starting com.android.server.print.PrintManagerService
I/SystemServiceManager( 1709): Starting com.android.server.restrictions.RestrictionsManagerService
I/SystemServiceManager( 1709): Starting com.android.server.media.MediaSessionService
I/SystemServer( 1709): Media Router Service
I/SystemServiceManager( 1709): Starting com.android.server.trust.TrustManagerService
I/SystemServiceManager( 1709): Starting com.android.server.fingerprint.FingerprintService
I/SystemServer( 1709): BackgroundDexOptService
I/SystemServiceManager( 1709): Starting com.android.server.pm.LauncherAppsService
I/SystemServiceManager( 1709): Starting com.android.server.media.projection.MediaProjectionManagerService
I/SystemServiceManager( 1709): Starting com.android.server.MmsServiceBroker
E/LockSettingsStorage( 1709): Cannot read file java.io.FileNotFoundException: /data/system/password.key: open failed: ENOENT (No such file or directory)
E/LockSettingsStorage( 1709): Cannot read file java.io.FileNotFoundException: /data/system/gesture.key: open failed: ENOENT (No such file or directory)
I/SystemServiceManager( 1709): Starting phase 480
I/SystemServiceManager( 1709): Starting phase 500
I/WifiService( 1709): WifiService starting up with Wi-Fi enabled
D/WifiService( 1709): setWifiEnabled: true pid=1709, uid=1000
E/WifiService( 1709): Invoking mWifiStateMachine.setWifiEnabled
D/WifiService( 1709): New client listening to asynchronous messages
D/WifiScanningService( 1709): New client, channel: null messenger: null
I/ActivityManager( 1709): Config changes=200 {1.0 ?mcc?mnc zh_CN ?layoutDir ?swdp ?wdp ?hdp ?density ?lsize ?long ?orien ?touch ?keyb/?/? ?nav/? s.2}
V/BackupManagerService( 1709): No ancestral data
D/BackupManagerService( 1709): Now staging backup of com.android.browser
D/BackupManagerService( 1709): Now staging backup of android
D/BackupManagerService( 1709): Now staging backup of com.android.providers.settings
D/BackupManagerService( 1709): Now staging backup of com.android.sharedstoragebackup
D/BackupManagerService( 1709): Now staging backup of com.android.providers.userdictionary
V/BackupManagerService( 1709): Starting with transport android/com.android.internal.backup.LocalTransport
V/BackupManagerService( 1709): Found transports: 1
I/BackupManagerService( 1709): Binding to transport host ComponentInfo{android/com.android.internal.backup.LocalTransportService}
I/BackupManagerService( 1709): Found stale backup journal, scheduling
I/DisplayManagerService( 1709): Display device changed: DisplayDeviceInfo{"内置屏幕": uniqueId="local:0", 1600 x 900, 60.000004 fps, supportedRefreshRates [60.000004], density 320, 320.0 x 320.0 dpi, appVsyncOff 0, presDeadline 17666666, touch INTERNAL, rotation 0, type BUILT_IN, state ON, FLAG_DEFAULT_DISPLAY, FLAG_ROTATES_WITH_CONTENT, FLAG_SECURE, FLAG_SUPPORTS_PROTECTED_BUFFERS}
I/ActivityManager( 1709): System now ready
I/SystemServer( 1709): Making services ready
I/SystemServiceManager( 1709): Starting phase 550
I/SystemServer( 1709): WebViewFactory preparation
I/ActivityManager( 1709): Start proc 1825:WebViewLoader-x86/1037 [android.webkit.WebViewFactory$RelroFileCreator] for 
I/ActivityManager( 1709): Start proc 1841:com.android.systemui/u0a10 for service com.android.systemui/.SystemUIService
D/NetworkManagementService( 1709): not enabling bandwidth control
W/MountService( 1709): Duplicate state transition (mounted -> mounted) for /storage/emulated/0
I/ActivityManager( 1709): Config changes=1dfb {1.0 460mcc7mnc zh_CN ?layoutDir sw450dp w800dp h425dp 320dpi nrml long land finger -keyb/v/h -nav/h s.3}
W/NetworkStats( 1709): bandwidth controls disabled, unable to track stats
W/NetworkPolicy( 1709): bandwidth controls disabled, unable to enforce policy
I/SystemServiceManager( 1709): Starting phase 600
I/BackupManagerService( 1709): Backup enabled => false
I/BackupManagerService( 1709): Opting out of backup
E/InputMethodManagerService( 1709): Ignoring setImeWindowStatus due to an invalid token. uid:1000 token:null
I/ActivityManager( 1709): Start proc 1871:com.android.inputservice/1000 for service com.android.inputservice/.InputService
V/InputMethodManagerService( 1709): Adding window token: android.os.Binder@2045b6e7
W/LocationManagerService( 1709): no network location provider found
E/LocationManagerService( 1709): no geocoder provider found
E/LocationManagerService( 1709): FLP HAL not supported
E/LocationManagerService( 1709): Unable to bind FLP Geofence proxy.
E/LocationManagerService( 1709): Hardware Activity-Recognition not supported.
I/MmsServiceBroker( 1709): Delay connecting to MmsService until an API is called
W/VoiceInteractionManagerService( 1709): no available voice interaction services found for user 0
W/VoiceInteractionManagerService( 1709): no available voice recognition services found for user 0
I/ActivityManager( 1709): Start proc 1893:com.android.phone/1001 for added application com.android.phone
I/ActivityManager( 1709): START u0 {act=android.intent.action.MAIN cat=[android.intent.category.HOME] flg=0x10000000 cmp=com.vphone.launcher/.Launcher} from uid 0 on display 0
V/WindowManager( 1709): addAppToken: AppWindowToken{302f83dd token=Token{1df78bb4 ActivityRecord{19740087 u0 com.vphone.launcher/.Launcher t1}}} to stack=0 task=1 at 0
I/ActivityManager( 1709): Start proc 1909:com.vphone.launcher/1000 for activity com.vphone.launcher/.Launcher
V/ActivityManager( 1709): Display changed displayId=0
V/ActivityManager( 1709): Display changed displayId=0
V/FingerprintService( 1709): startListening(android.service.fingerprint.IFingerprintServiceReceiver$Stub$Proxy@292580d9)
W/ActivityManager( 1709): Unable to start service Intent { cmp=com.android.printspooler/.model.PrintSpoolerService } U=0: not found
V/ActivityManager( 1709): Display changed displayId=0
I/Telecom ( 1709): TelecomGlobals: TelecomGlobals initializing
I/ActivityManager( 1709): Start proc 1999:android.process.acore/u0a2 for content provider com.android.providers.contacts/.CallLogProvider
I/Telecom ( 1709): TelecomGlobals: CallsManager initialized
W/ContextImpl( 1709): Calling a method in the system process without a qualified user: android.app.ContextImpl.startService:1706 android.content.ContextWrapper.startService:516 com.android.server.telecom.BluetoothPhoneService.start:440 com.android.server.telecom.TelecomGlobals.initialize:93 com.android.server.telecom.TelecomService.onCreate:164 
W/ResourcesManager( 1709): Asset path '/system/framework/com.android.location.provider.jar' does not exist or contains no resources.
V/WiredAccessoryManager( 1709): init()
V/BackupManagerService( 1709): Connected to transport ComponentInfo{android/com.android.internal.backup.LocalTransportService}
V/BackupManagerService( 1709): Registering transport android/com.android.internal.backup.LocalTransportService::android/com.android.internal.backup.LocalTransport = android.app.backup.BackupTransport$TransportImpl@a6db96a
I/StatusBarManagerService( 1709): registerStatusBar bar=com.android.internal.statusbar.IStatusBar$Stub$Proxy@1b3c6a40
W/ContextImpl( 1909): Calling a method in the system process without a qualified user: android.app.ContextImpl.startService:1706 android.content.ContextWrapper.startService:516 com.vphone.launcher.LauncherApplication.onCreate:120 android.app.Instrumentation.callApplicationOnCreate:1012 android.app.ActivityThread.handleBindApplication:4592 
D/WifiService( 1709): New client listening to asynchronous messages
D/WifiService( 1709): New client listening to asynchronous messages
D/WifiService( 1709): setWifiEnabled: true pid=1909, uid=1000
E/WifiService( 1709): Invoking mWifiStateMachine.setWifiEnabled
D/ConnectivityService( 1709): listenForNetwork for NetworkRequest [ id=2, legacyType=-1, [] ]
D/ConnectivityService( 1709): registerNetworkAgent NetworkAgentInfo{ ni{[type: WIFI[], state: CONNECTING/CONNECTING, reason: (unspecified), extra: "WiredSSID", roaming: false, failover: false, isAvailable: true, isConnectedToProvisioningNetwork: false]}  network{null}  lp{{LinkAddresses: []  Routes: [] DnsAddresses: [] Domains: null MTU: 0 TcpBufferSizes: 524288,1048576,2097152,262144,524288,1048576}}  nc{[ Transports: WIFI Capabilities: INTERNET&NOT_RESTRICTED&TRUSTED&NOT_VPN LinkUpBandwidth>=1048576Kbps LinkDnBandwidth>=1048576Kbps]}  Score{20}  everValidated{false}  lastValidated{false}  created{false}  explicitlySelected{false} }
D/ConnectivityService( 1709): NetworkAgentInfo [WIFI () - 100] EVENT_NETWORK_INFO_CHANGED, going from null to CONNECTING
D/ConnectivityService( 1709): updateNetworkScore for NetworkAgentInfo [WIFI () - 100] to 56
E/ConnectivityService( 1709): Unexpected mtu value: 0, eth1
D/ConnectivityService( 1709): Adding Route [fe80::/64 -> :: eth1] to network 100
D/ConnectivityService( 1709): Adding Route [172.17.100.0/24 -> 0.0.0.0 eth1] to network 100
D/ConnectivityService( 1709): Adding Route [0.0.0.0/0 -> 172.17.100.2 eth1] to network 100
D/ConnectivityService( 1709): Setting Dns servers for network 100 to [/192.168.1.1]
D/ConnectivityService( 1709): notifyType IP_CHANGED for NetworkAgentInfo [WIFI () - 100]
D/ConnectivityService( 1709): notifyType PRECHECK for NetworkAgentInfo [WIFI () - 100]
D/ConnectivityService( 1709): rematching NetworkAgentInfo [WIFI () - 100]
D/ConnectivityService( 1709):    accepting network in place of null
D/ConnectivityService( 1709): Switching to new default network: NetworkAgentInfo{ ni{[type: WIFI[], state: CONNECTED/CONNECTED, reason: (unspecified), extra: "WiredSSID", roaming: false, failover: false, isAvailable: true, isConnectedToProvisioningNetwork: false]}  network{100}  lp{{InterfaceName: eth1 LinkAddresses: [fe80::a00:27ff:feaa:ebb4/64,172.17.100.15/24,]  Routes: [fe80::/64 -> :: eth1,172.17.100.0/24 -> 0.0.0.0 eth1,0.0.0.0/0 -> 172.17.100.2 eth1,] DnsAddresses: [192.168.1.1,] Domains:  MTU: 0 TcpBufferSizes: 524288,1048576,2097152,262144,524288,1048576}}  nc{[ Transports: WIFI Capabilities: INTERNET&NOT_RESTRICTED&TRUSTED&NOT_VPN LinkUpBandwidth>=1048576Kbps LinkDnBandwidth>=1048576Kbps]}  Score{16}  everValidated{false}  lastValidated{false}  created{true}  explicitlySelected{false} }
D/ConnectivityService( 1709): Setting tx/rx TCP buffers to 524288,1048576,2097152,262144,524288,1048576
D/ConnectivityService( 1709): notifyType AVAILABLE for NetworkAgentInfo [WIFI () - 100]
D/CSLegacyTypeTracker( 1709): Sending connected broadcast for type 1 NetworkAgentInfo [WIFI () - 100] isDefaultNetwork=true
D/ConnectivityService( 1709): sendStickyBroadcast: action=android.net.conn.CONNECTIVITY_CHANGE_IMMEDIATE
D/ConnectivityService( 1709): sendStickyBroadcast: action=android.net.conn.CONNECTIVITY_CHANGE
D/ConnectivityService( 1709): setProvNotificationVisibleIntent: E visible=false networkType=0 extraInfo=null
D/ConnectivityService( 1709): Validated NetworkAgentInfo [WIFI () - 100]
D/ConnectivityService( 1709): rematching NetworkAgentInfo [WIFI () - 100]
D/ConnectivityService( 1709): Network NetworkAgentInfo [WIFI () - 100] was already satisfying request 1. No change.
D/ConnectivityService( 1709): notifyType AVAILABLE for NetworkAgentInfo [WIFI () - 100]
D/ConnectivityService( 1709): sendStickyBroadcast: action=android.net.conn.INET_CONDITION_ACTION
D/WifiService( 1709): New client listening to asynchronous messages
V/ActivityManager( 1709): Display changed displayId=0
W/WindowManager( 1709): Attempted to add wallpaper window with unknown token android.os.Binder@3a9d2693.  Aborting.
D/WifiService( 1709): New client listening to asynchronous messages
V/WindowManager( 1709): Based on layer: Adding window Window{17668911 u0 com.vphone.launcher/com.vphone.launcher.Launcher} at 0 of 4
W/WindowManager( 1709): Attempted to add wallpaper window with unknown token android.os.Binder@3a9d2693.  Aborting.
W/ActivityThread( 1909): ClassLoader.loadClass: The class loader returned by Thread.getContextClassLoader() may fail for processes that host multiple applications. You should explicitly specify a context class loader. For example: Thread.setContextClassLoader(getClass().getClassLoader());
W/ContextImpl( 1909): Calling a method in the system process without a qualified user: android.app.ContextImpl.bindService:1770 android.content.ContextWrapper.bindService:539 android.content.ContextWrapper.bindService:539 Ca.run:26 java.lang.Thread.run:818 
I/ActivityManager( 1709): Start proc 2221:com.google.android.webview:webview_service/u0a29 for service com.google.android.webview/org.chromium.android_webview.services.VariationsSeedServer
E/ConnectivityService( 1709): Failed to find Messenger in unregisterNetworkFactory
D/ConnectivityService( 1709): Got NetworkFactory Messenger for Telephony
D/ConnectivityService( 1709): NetworkAgentInfo [WIFI () - 100] EVENT_NETWORK_INFO_CHANGED, going from CONNECTING to CONNECTED
D/ConnectivityService( 1709): Adding iface eth1 to network 100
I/ActivityManager( 1709): Start proc 2176:com.android.settings/1000 for broadcast com.android.settings/.cyanogenmod.superuser.SuReceiver
D/ConnectivityService( 1709): listenForNetwork for NetworkRequest [ id=3, legacyType=-1, [ Capabilities: INTERNET&NOT_RESTRICTED&TRUSTED] ]
D/ConnectivityService( 1709): handleRegisterNetworkRequest checking NetworkAgentInfo [WIFI () - 100]
D/ConnectivityService( 1709): apparently satisfied.  currentScore=56
E/ActivityManager( 1709): Unable to mark boot complete for abi: armeabi-v7a
I/SystemServiceManager( 1709): Starting phase 1000
W/KeyguardServiceDelegate( 1709): onScreenTurnedOn(): no keyguard service!
W/ContextImpl( 1909): Calling a method in the system process without a qualified user: android.app.ContextImpl.startService:1706 android.content.ContextWrapper.startService:516 com.vphone.launcher.Launcher.a:32690 com.vphone.launcher.Launcher$11.run:645 com.vphone.launcher.utils.ThreadUtil$a$1.run:68 
I/ActivityManager( 1709): Start proc 2282:android.process.media/u0a4 for broadcast com.android.providers.downloads/.DownloadReceiver
D/Sensors ( 1709): Client connection accepted (178)
W/BackupManagerService( 1709): dataChanged but no participant pkg='com.android.providers.settings' uid=1001
W/BackupManagerService( 1709): dataChanged but no participant pkg='com.android.providers.settings' uid=1001
W/BackupManagerService( 1709): dataChanged but no participant pkg='com.android.providers.settings' uid=1001
W/BackupManagerService( 1709): dataChanged but no participant pkg='com.android.providers.settings' uid=1001
I/ActivityManager( 1709): Start proc 2346:com.bignox.app.store.hd/1000 for broadcast com.bignox.app.store.hd/.providers.downloads.DownloadReceiver
D/WifiService( 1709): New client listening to asynchronous messages
W/ActivityThread( 2346): ClassLoader.loadClass: The class loader returned by Thread.getContextClassLoader() may fail for processes that host multiple applications. You should explicitly specify a context class loader. For example: Thread.setContextClassLoader(getClass().getClassLoader());
W/ContextImpl( 2346): Calling a method in the system process without a qualified user: android.app.ContextImpl.startService:1706 android.content.ContextWrapper.startService:516 com.bignox.app.store.hd.StoreApplication.onCreate:97 android.app.Instrumentation.callApplicationOnCreate:1012 android.app.ActivityThread.handleBindApplication:4592 
W/ContextImpl( 2346): Calling a method in the system process without a qualified user: android.app.ContextImpl.startService:1706 android.content.ContextWrapper.startService:516 android.content.ContextWrapper.startService:516 com.bignox.app.store.hd.providers.downloads.DownloadReceiver.startService:188 com.bignox.app.store.hd.providers.downloads.DownloadReceiver.onReceive:53 
W/ContextImpl( 1909): Calling a method in the system process without a qualified user: android.app.ContextImpl.startService:1706 android.content.ContextWrapper.startService:516 android.content.ContextWrapper.startService:516 com.vphone.launcher.providers.downloads.DownloadReceiver.a:188 com.vphone.launcher.providers.downloads.DownloadReceiver.onReceive:53 
I/BootReceiver( 1709): Copying audit failures to DropBox
I/BootReceiver( 1709): Checking for fsck errors
D/ConnectivityService( 1709): Got NetworkFactory Messenger for WIFI
D/ConnectivityService( 1709): Got NetworkFactory Messenger for WIFI_UT
I/ActivityManager( 1709): Start proc 2440:com.android.providers.calendar/u0a1 for broadcast com.android.providers.calendar/.CalendarReceiver
I/ActivityManager( 1709): Start proc 2457:com.android.keychain/1000 for service com.android.keychain/.KeyChainService
W/ResourcesManager( 2440): Asset path '/system/framework/android.test.runner.jar' does not exist or contains no resources.
I/ActivityManager( 1709): Start proc 2476:com.android.managedprovisioning/u0a6 for broadcast com.android.managedprovisioning/.BootReminder
W/ContextImpl( 2346): Calling a method in the system process without a qualified user: android.app.ContextImpl.sendBroadcast:1327 android.content.ContextWrapper.sendBroadcast:377 com.bignox.app.store.hd.asynctask.InitPackageMapTask.onPostExecute:284 com.bignox.app.store.hd.asynctask.InitPackageMapTask.onPostExecute:32 android.os.AsyncTask.finish:636 
I/ActivityManager( 1709): Start proc 2496:com.android.onetimeinitializer/u0a7 for broadcast com.android.onetimeinitializer/.OneTimeInitializerReceiver
W/ContextImpl( 2346): Calling a method in the system process without a qualified user: android.app.ContextImpl.startService:1706 android.content.ContextWrapper.startService:516 android.content.ContextWrapper.startService:516 com.bignox.app.store.hd.providers.downloads.DownloadReceiver.startService:188 com.bignox.app.store.hd.providers.downloads.DownloadReceiver.onReceive:48 
W/ContextImpl( 1909): Calling a method in the system process without a qualified user: android.app.ContextImpl.startService:1706 android.content.ContextWrapper.startService:516 android.content.ContextWrapper.startService:516 com.vphone.launcher.providers.downloads.DownloadReceiver.a:188 com.vphone.launcher.providers.downloads.DownloadReceiver.onReceive:48 
D/ConnectivityService( 1709): updateNetworkScore for NetworkAgentInfo [WIFI () - 100] to 60
D/ConnectivityService( 1709): rematching NetworkAgentInfo [WIFI () - 100]
D/ConnectivityService( 1709): Network NetworkAgentInfo [WIFI () - 100] was already satisfying request 1. No change.
D/ConnectivityService( 1709): notifyType AVAILABLE for NetworkAgentInfo [WIFI () - 100]
E/RemotePrintSpooler( 1709): Error removing obsolete print jobs .
E/RemotePrintSpooler( 1709): java.util.concurrent.TimeoutException: Cannot get spooler!
E/RemotePrintSpooler( 1709): 	at com.android.server.print.RemotePrintSpooler.bindLocked(RemotePrintSpooler.java:378)
E/RemotePrintSpooler( 1709): 	at com.android.server.print.RemotePrintSpooler.getRemoteInstanceLazy(RemotePrintSpooler.java:354)
E/RemotePrintSpooler( 1709): 	at com.android.server.print.RemotePrintSpooler.removeObsoletePrintJobs(RemotePrintSpooler.java:289)
E/RemotePrintSpooler( 1709): 	at com.android.server.print.UserState.removeObsoletePrintJobs(UserState.java:165)
E/RemotePrintSpooler( 1709): 	at com.android.server.print.PrintManagerService$PrintManagerImpl$3.run(PrintManagerService.java:644)
E/RemotePrintSpooler( 1709): 	at android.os.Handler.handleCallback(Handler.java:739)
E/RemotePrintSpooler( 1709): 	at android.os.Handler.dispatchMessage(Handler.java:95)
E/RemotePrintSpooler( 1709): 	at android.os.Looper.loop(Looper.java:135)
E/RemotePrintSpooler( 1709): 	at android.os.HandlerThread.run(HandlerThread.java:61)
I/ActivityManager( 1709): START u0 {act=android.intent.action.MAIN cat=[android.intent.category.LAUNCHER] flg=0x10200000 cmp=com.bignox.app.store.hd/.StoreActivity bnds=[130,215][398,368] (has extras)} from uid 1000 on display 0
V/WindowManager( 1709): addAppToken: AppWindowToken{3fd15156 token=Token{adcaf71 ActivityRecord{313e9918 u0 com.bignox.app.store.hd/.StoreActivity t2}}} to stack=1 task=2 at 0
W/ContextImpl( 1909): Calling a method in the system process without a qualified user: android.app.ContextImpl.sendBroadcast:1341 android.content.ContextWrapper.sendBroadcast:382 com.vphone.launcher.Stats.recordLaunch:129 com.vphone.launcher.Launcher.b:3257 com.vphone.launcher.Launcher.onClickAppShortcut:3195 
V/WindowManager( 1709): Adding window Window{1e31352e u0 Starting com.bignox.app.store.hd} at 2 of 5 (after Window{17668911 u0 com.vphone.launcher/com.vphone.launcher.Launcher})
V/WindowManager( 1709): Adding window Window{333a9292 u0 com.bignox.app.store.hd/com.bignox.app.store.hd.StoreActivity} at 2 of 6 (before Window{1e31352e u0 Starting com.bignox.app.store.hd})
W/ContextImpl( 2346): Calling a method in the system process without a qualified user: android.app.ContextImpl.bindService:1770 android.content.ContextWrapper.bindService:539 android.content.ContextWrapper.bindService:539 Ca.run:26 java.lang.Thread.run:818 
D/ConnectivityService( 1709): listenForNetwork for NetworkRequest [ id=4, legacyType=-1, [ Capabilities: INTERNET&NOT_RESTRICTED&TRUSTED] ]
D/ConnectivityService( 1709): handleRegisterNetworkRequest checking NetworkAgentInfo [WIFI () - 100]
D/ConnectivityService( 1709): apparently satisfied.  currentScore=60
D/ConnectivityService( 1709): listenForNetwork for NetworkRequest [ id=5, legacyType=-1, [ Capabilities: INTERNET&NOT_RESTRICTED&TRUSTED] ]
D/ConnectivityService( 1709): handleRegisterNetworkRequest checking NetworkAgentInfo [WIFI () - 100]
D/ConnectivityService( 1709): apparently satisfied.  currentScore=60
I/ActivityManager( 1709): Waited long enough for: ServiceRecord{2827fb2a u0 com.bignox.app.store.hd/.services.StoreService}
W/ActivityManager( 1709): Launch timeout has expired, giving up wake lock!
I/ActivityManager( 1709): moveTaskToBack: TaskRecord{2f478ba2 #2 A=com.bignox.app.store.hd U=0 sz=1}
W/ViewRootImpl( 2346): Cancelling event due to no window focus: KeyEvent { action=ACTION_UP, keyCode=KEYCODE_BACK, scanCode=158, metaState=0, flags=0x28, repeatCount=0, eventTime=38091, downTime=38062, deviceId=1, source=0x101 }
W/ViewRootImpl( 2346): Cancelling event due to no window focus: KeyEvent { action=ACTION_UP, keyCode=KEYCODE_BACK, scanCode=158, metaState=0, flags=0x28, repeatCount=0, eventTime=38091, downTime=38062, deviceId=1, source=0x101 }
W/ViewRootImpl( 2346): Cancelling event due to no window focus: KeyEvent { action=ACTION_UP, keyCode=KEYCODE_BACK, scanCode=158, metaState=0, flags=0x28, repeatCount=0, eventTime=38091, downTime=38062, deviceId=1, source=0x101 }
W/ViewRootImpl( 2346): Cancelling event due to no window focus: KeyEvent { action=ACTION_UP, keyCode=KEYCODE_BACK, scanCode=158, metaState=0, flags=0x28, repeatCount=0, eventTime=38091, downTime=38062, deviceId=1, source=0x101 }
W/ViewRootImpl( 2346): Cancelling event due to no window focus: KeyEvent { action=ACTION_UP, keyCode=KEYCODE_BACK, scanCode=158, metaState=0, flags=0x28, repeatCount=0, eventTime=38091, downTime=38062, deviceId=1, source=0x101 }
W/ViewRootImpl( 2346): Cancelling event due to no window focus: KeyEvent { action=ACTION_UP, keyCode=KEYCODE_BACK, scanCode=158, metaState=0, flags=0x28, repeatCount=0, eventTime=38091, downTime=38062, deviceId=1, source=0x101 }
W/ViewRootImpl( 2346): Cancelling event due to no window focus: KeyEvent { action=ACTION_UP, keyCode=KEYCODE_BACK, scanCode=158, metaState=0, flags=0x28, repeatCount=0, eventTime=38091, downTime=38062, deviceId=1, source=0x101 }
W/ViewRootImpl( 2346): Cancelling event due to no window focus: KeyEvent { action=ACTION_UP, keyCode=KEYCODE_BACK, scanCode=158, metaState=0, flags=0x28, repeatCount=0, eventTime=38091, downTime=38062, deviceId=1, source=0x101 }
W/ViewRootImpl( 2346): Cancelling event due to no window focus: KeyEvent { action=ACTION_UP, keyCode=KEYCODE_BACK, scanCode=158, metaState=0, flags=0x28, repeatCount=0, eventTime=38091, downTime=38062, deviceId=1, source=0x101 }
W/ViewRootImpl( 1909): Cancelling event due to no window focus: KeyEvent { action=ACTION_UP, keyCode=KEYCODE_BACK, scanCode=158, metaState=0, flags=0x28, repeatCount=0, eventTime=38062, downTime=38062, deviceId=1, source=0x101 }
W/ViewRootImpl( 1909): Cancelling event due to no window focus: KeyEvent { action=ACTION_UP, keyCode=KEYCODE_BACK, scanCode=158, metaState=0, flags=0x28, repeatCount=0, eventTime=38062, downTime=38062, deviceId=1, source=0x101 }
W/ViewRootImpl( 1909): Cancelling event due to no window focus: KeyEvent { action=ACTION_UP, keyCode=KEYCODE_BACK, scanCode=158, metaState=0, flags=0x28, repeatCount=0, eventTime=38062, downTime=38062, deviceId=1, source=0x101 }
W/ViewRootImpl( 1909): Cancelling event due to no window focus: KeyEvent { action=ACTION_UP, keyCode=KEYCODE_BACK, scanCode=158, metaState=0, flags=0x28, repeatCount=0, eventTime=38062, downTime=38062, deviceId=1, source=0x101 }
W/ViewRootImpl( 1909): Cancelling event due to no window focus: KeyEvent { action=ACTION_UP, keyCode=KEYCODE_BACK, scanCode=158, metaState=0, flags=0x28, repeatCount=0, eventTime=38062, downTime=38062, deviceId=1, source=0x101 }
W/ViewRootImpl( 1909): Cancelling event due to no window focus: KeyEvent { action=ACTION_UP, keyCode=KEYCODE_BACK, scanCode=158, metaState=0, flags=0x28, repeatCount=0, eventTime=38062, downTime=38062, deviceId=1, source=0x101 }
W/ViewRootImpl( 1909): Cancelling event due to no window focus: KeyEvent { action=ACTION_UP, keyCode=KEYCODE_BACK, scanCode=158, metaState=0, flags=0x28, repeatCount=0, eventTime=38062, downTime=38062, deviceId=1, source=0x101 }
W/ViewRootImpl( 1909): Cancelling event due to no window focus: KeyEvent { action=ACTION_UP, keyCode=KEYCODE_BACK, scanCode=158, metaState=0, flags=0x28, repeatCount=0, eventTime=38062, downTime=38062, deviceId=1, source=0x101 }
W/ViewRootImpl( 1909): Cancelling event due to no window focus: KeyEvent { action=ACTION_UP, keyCode=KEYCODE_BACK, scanCode=158, metaState=0, flags=0x28, repeatCount=0, eventTime=38062, downTime=38062, deviceId=1, source=0x101 }
I/ActivityManager( 1709): START u0 {act=com.android.systemui.recents.SHOW_RECENTS flg=0x10804000 cmp=com.android.systemui/.recents.RecentsActivity} from uid 10010 on display 0
V/WindowManager( 1709): addAppToken: AppWindowToken{1be2a325 token=Token{1461fb1c ActivityRecord{37de6c8f u0 com.android.systemui/.recents.RecentsActivity t3}}} to stack=0 task=3 at 0
V/WindowManager( 1709): Adding window Window{2449009e u0 com.android.systemui/com.android.systemui.recents.RecentsActivity} at 3 of 6 (after Window{17668911 u0 com.vphone.launcher/com.vphone.launcher.Launcher EXITING})
I/ActivityManager( 1709): START u0 {act=android.intent.action.MAIN cat=[android.intent.category.HOME] flg=0x10200000 cmp=com.vphone.launcher/.Launcher} from uid 10010 on display 0
D/TaskPersister( 1709): removeObsoleteFile: deleting file=2_task.xml
D/TaskPersister( 1709): removeObsoleteFile: deleting file=2_task_thumbnail.png
I/ActivityManager( 1709): Killing 2346:com.bignox.app.store.hd/1000 (adj 16): remove task
D/WifiService( 1709): Client connection lost with reason: 4
D/ConnectivityService( 1709): ConnectivityService NetworkRequestInfo binderDied(NetworkRequest [ id=5, legacyType=-1, [ Capabilities: INTERNET&NOT_RESTRICTED&TRUSTED] ], android.os.BinderProxy@2a03a011)
D/ConnectivityService( 1709): ConnectivityService NetworkRequestInfo binderDied(NetworkRequest [ id=4, legacyType=-1, [ Capabilities: INTERNET&NOT_RESTRICTED&TRUSTED] ], android.os.BinderProxy@1c768576)
D/ConnectivityService( 1709): releasing NetworkRequest NetworkRequest [ id=5, legacyType=-1, [ Capabilities: INTERNET&NOT_RESTRICTED&TRUSTED] ]
E/ConnectivityService( 1709): RemoteException caught trying to send a callback msg for NetworkRequest [ id=5, legacyType=-1, [ Capabilities: INTERNET&NOT_RESTRICTED&TRUSTED] ]
D/ConnectivityService( 1709): releasing NetworkRequest NetworkRequest [ id=4, legacyType=-1, [ Capabilities: INTERNET&NOT_RESTRICTED&TRUSTED] ]
E/ConnectivityService( 1709): RemoteException caught trying to send a callback msg for NetworkRequest [ id=4, legacyType=-1, [ Capabilities: INTERNET&NOT_RESTRICTED&TRUSTED] ]
W/ActivityManager( 1709): Scheduling restart of crashed service com.bignox.app.store.hd/.services.StoreService in 1000ms
I/ActivityManager( 1709): Start proc 2760:com.bignox.app.store.hd/1000 for service com.bignox.app.store.hd/.services.StoreService
W/SocketClient( 1449): write error (Broken pipe)
D/WifiService( 1709): New client listening to asynchronous messages
W/ActivityThread( 2760): ClassLoader.loadClass: The class loader returned by Thread.getContextClassLoader() may fail for processes that host multiple applications. You should explicitly specify a context class loader. For example: Thread.setContextClassLoader(getClass().getClassLoader());
W/ContextImpl( 2760): Calling a method in the system process without a qualified user: android.app.ContextImpl.startService:1706 android.content.ContextWrapper.startService:516 com.bignox.app.store.hd.StoreApplication.onCreate:97 android.app.Instrumentation.callApplicationOnCreate:1012 android.app.ActivityThread.handleBindApplication:4592 
W/ContextImpl( 2760): Calling a method in the system process without a qualified user: android.app.ContextImpl.sendBroadcast:1327 android.content.ContextWrapper.sendBroadcast:377 com.bignox.app.store.hd.asynctask.InitPackageMapTask.onPostExecute:284 com.bignox.app.store.hd.asynctask.InitPackageMapTask.onPostExecute:32 android.os.AsyncTask.finish:636 
W/SocketClient( 1449): write error (Broken pipe)
W/SocketClient( 1449): write error (Broken pipe)
I/ActivityManager( 1709): START u0 {act=android.intent.action.MAIN cat=[android.intent.category.LAUNCHER] flg=0x10200000 cmp=com.android.settings/.Settings bnds=[934,368][1202,521] (has extras)} from uid 1000 on display 0
V/WindowManager( 1709): addAppToken: AppWindowToken{3dfbaf81 token=Token{3d184f68 ActivityRecord{3a1b728b u0 com.android.settings/.Settings t4}}} to stack=1 task=4 at 0
